Archive member included because of file (symbol)

D:\Practice\FIC\SoftConsole\FIC_MSS_CM3\FIC_MSS_CM3_hw_platform\Debug\libFIC_MSS_CM3_hw_platform.a(mss_uart.o)
                              ./main.o (g_mss_uart0)
D:\Practice\FIC\SoftConsole\FIC_MSS_CM3\FIC_MSS_CM3_hw_platform\Debug\libFIC_MSS_CM3_hw_platform.a(system_m2sxxx.o)
                              D:\Practice\FIC\SoftConsole\FIC_MSS_CM3\FIC_MSS_CM3_hw_platform\Debug\libFIC_MSS_CM3_hw_platform.a(mss_uart.o) (g_FrequencyPCLK0)
D:\Practice\FIC\SoftConsole\FIC_MSS_CM3\FIC_MSS_CM3_hw_platform\Debug\libFIC_MSS_CM3_hw_platform.a(sys_config.o)
                              D:\Practice\FIC\SoftConsole\FIC_MSS_CM3\FIC_MSS_CM3_hw_platform\Debug\libFIC_MSS_CM3_hw_platform.a(system_m2sxxx.o) (g_m2s_mddr_addr)
d:/microsemi/softconsole v3.4/sourcery-g++/bin/../lib/gcc/arm-none-eabi/4.4.1/../../../../arm-none-eabi/lib/thumb2\libc.a(lib_a-errno.o)
                              D:/Practice/FIC/SoftConsole/FIC_MSS_CM3/FIC_MSS_CM3_hw_platform/Debug/CMSIS/startup_gcc/newlib_stubs.o (__errno)
d:/microsemi/softconsole v3.4/sourcery-g++/bin/../lib/gcc/arm-none-eabi/4.4.1/../../../../arm-none-eabi/lib/thumb2\libc.a(lib_a-impure.o)
                              d:/microsemi/softconsole v3.4/sourcery-g++/bin/../lib/gcc/arm-none-eabi/4.4.1/../../../../arm-none-eabi/lib/thumb2\libc.a(lib_a-errno.o) (_impure_ptr)
d:/microsemi/softconsole v3.4/sourcery-g++/bin/../lib/gcc/arm-none-eabi/4.4.1/../../../../arm-none-eabi/lib/thumb2\libc.a(lib_a-init.o)
                              D:/Practice/FIC/SoftConsole/FIC_MSS_CM3/FIC_MSS_CM3_hw_platform/Debug/CMSIS/startup_gcc/startup_m2sxxx.o (__libc_init_array)

Allocating common symbols
Common symbol       size              file

g_mss_uart1         0x40              D:\Practice\FIC\SoftConsole\FIC_MSS_CM3\FIC_MSS_CM3_hw_platform\Debug\libFIC_MSS_CM3_hw_platform.a(mss_uart.o)
g_mss_uart0         0x40              D:\Practice\FIC\SoftConsole\FIC_MSS_CM3\FIC_MSS_CM3_hw_platform\Debug\libFIC_MSS_CM3_hw_platform.a(mss_uart.o)

Discarded input sections

 .text          0x00000000        0x0 d:/microsemi/softconsole v3.4/sourcery-g++/bin/../lib/gcc/arm-none-eabi/4.4.1/thumb2/crti.o
 .data          0x00000000        0x0 d:/microsemi/softconsole v3.4/sourcery-g++/bin/../lib/gcc/arm-none-eabi/4.4.1/thumb2/crti.o
 .bss           0x00000000        0x0 d:/microsemi/softconsole v3.4/sourcery-g++/bin/../lib/gcc/arm-none-eabi/4.4.1/thumb2/crti.o
 .data          0x00000000        0x4 d:/microsemi/softconsole v3.4/sourcery-g++/bin/../lib/gcc/arm-none-eabi/4.4.1/thumb2/crtbegin.o
 .text          0x00000000        0x0 ./main.o
 .data          0x00000000        0x0 ./main.o
 .bss           0x00000000        0x0 ./main.o
 .text          0x00000000        0x0 D:/Practice/FIC/SoftConsole/FIC_MSS_CM3/FIC_MSS_CM3_hw_platform/Debug/CMSIS/startup_gcc/startup_m2sxxx.o
 .data          0x00000000        0x0 D:/Practice/FIC/SoftConsole/FIC_MSS_CM3/FIC_MSS_CM3_hw_platform/Debug/CMSIS/startup_gcc/startup_m2sxxx.o
 .bss           0x00000000        0x0 D:/Practice/FIC/SoftConsole/FIC_MSS_CM3/FIC_MSS_CM3_hw_platform/Debug/CMSIS/startup_gcc/startup_m2sxxx.o
 .text          0x00000000        0x0 D:/Practice/FIC/SoftConsole/FIC_MSS_CM3/FIC_MSS_CM3_hw_platform/Debug/CMSIS/startup_gcc/newlib_stubs.o
 .data          0x00000000        0x0 D:/Practice/FIC/SoftConsole/FIC_MSS_CM3/FIC_MSS_CM3_hw_platform/Debug/CMSIS/startup_gcc/newlib_stubs.o
 .bss           0x00000000        0x0 D:/Practice/FIC/SoftConsole/FIC_MSS_CM3/FIC_MSS_CM3_hw_platform/Debug/CMSIS/startup_gcc/newlib_stubs.o
 .bss.__env     0x00000000        0x4 D:/Practice/FIC/SoftConsole/FIC_MSS_CM3/FIC_MSS_CM3_hw_platform/Debug/CMSIS/startup_gcc/newlib_stubs.o
 .data.environ  0x00000000        0x4 D:/Practice/FIC/SoftConsole/FIC_MSS_CM3/FIC_MSS_CM3_hw_platform/Debug/CMSIS/startup_gcc/newlib_stubs.o
 .text._close   0x00000000       0x18 D:/Practice/FIC/SoftConsole/FIC_MSS_CM3/FIC_MSS_CM3_hw_platform/Debug/CMSIS/startup_gcc/newlib_stubs.o
 .text._execve  0x00000000       0x28 D:/Practice/FIC/SoftConsole/FIC_MSS_CM3/FIC_MSS_CM3_hw_platform/Debug/CMSIS/startup_gcc/newlib_stubs.o
 .text._exit    0x00000000        0xc D:/Practice/FIC/SoftConsole/FIC_MSS_CM3/FIC_MSS_CM3_hw_platform/Debug/CMSIS/startup_gcc/newlib_stubs.o
 .text._fork    0x00000000       0x18 D:/Practice/FIC/SoftConsole/FIC_MSS_CM3/FIC_MSS_CM3_hw_platform/Debug/CMSIS/startup_gcc/newlib_stubs.o
 .text._fstat   0x00000000       0x24 D:/Practice/FIC/SoftConsole/FIC_MSS_CM3/FIC_MSS_CM3_hw_platform/Debug/CMSIS/startup_gcc/newlib_stubs.o
 .text._getpid  0x00000000       0x10 D:/Practice/FIC/SoftConsole/FIC_MSS_CM3/FIC_MSS_CM3_hw_platform/Debug/CMSIS/startup_gcc/newlib_stubs.o
 .text._isatty  0x00000000       0x18 D:/Practice/FIC/SoftConsole/FIC_MSS_CM3/FIC_MSS_CM3_hw_platform/Debug/CMSIS/startup_gcc/newlib_stubs.o
 .text._kill    0x00000000       0x24 D:/Practice/FIC/SoftConsole/FIC_MSS_CM3/FIC_MSS_CM3_hw_platform/Debug/CMSIS/startup_gcc/newlib_stubs.o
 .text._link    0x00000000       0x24 D:/Practice/FIC/SoftConsole/FIC_MSS_CM3/FIC_MSS_CM3_hw_platform/Debug/CMSIS/startup_gcc/newlib_stubs.o
 .text._lseek   0x00000000       0x1c D:/Practice/FIC/SoftConsole/FIC_MSS_CM3/FIC_MSS_CM3_hw_platform/Debug/CMSIS/startup_gcc/newlib_stubs.o
 .text._open    0x00000000       0x1c D:/Practice/FIC/SoftConsole/FIC_MSS_CM3/FIC_MSS_CM3_hw_platform/Debug/CMSIS/startup_gcc/newlib_stubs.o
 .text._read    0x00000000       0x1c D:/Practice/FIC/SoftConsole/FIC_MSS_CM3/FIC_MSS_CM3_hw_platform/Debug/CMSIS/startup_gcc/newlib_stubs.o
 .text._write_r
                0x00000000       0x20 D:/Practice/FIC/SoftConsole/FIC_MSS_CM3/FIC_MSS_CM3_hw_platform/Debug/CMSIS/startup_gcc/newlib_stubs.o
 .rodata        0x00000000       0x30 D:/Practice/FIC/SoftConsole/FIC_MSS_CM3/FIC_MSS_CM3_hw_platform/Debug/CMSIS/startup_gcc/newlib_stubs.o
 .text._sbrk    0x00000000       0xe4 D:/Practice/FIC/SoftConsole/FIC_MSS_CM3/FIC_MSS_CM3_hw_platform/Debug/CMSIS/startup_gcc/newlib_stubs.o
 .text._stat    0x00000000       0x24 D:/Practice/FIC/SoftConsole/FIC_MSS_CM3/FIC_MSS_CM3_hw_platform/Debug/CMSIS/startup_gcc/newlib_stubs.o
 .text._times   0x00000000       0x18 D:/Practice/FIC/SoftConsole/FIC_MSS_CM3/FIC_MSS_CM3_hw_platform/Debug/CMSIS/startup_gcc/newlib_stubs.o
 .text._unlink  0x00000000       0x24 D:/Practice/FIC/SoftConsole/FIC_MSS_CM3/FIC_MSS_CM3_hw_platform/Debug/CMSIS/startup_gcc/newlib_stubs.o
 .text._wait    0x00000000       0x24 D:/Practice/FIC/SoftConsole/FIC_MSS_CM3/FIC_MSS_CM3_hw_platform/Debug/CMSIS/startup_gcc/newlib_stubs.o
 .bss.heap_end.2220
                0x00000000        0x4 D:/Practice/FIC/SoftConsole/FIC_MSS_CM3/FIC_MSS_CM3_hw_platform/Debug/CMSIS/startup_gcc/newlib_stubs.o
 .text          0x00000000        0x0 D:\Practice\FIC\SoftConsole\FIC_MSS_CM3\FIC_MSS_CM3_hw_platform\Debug\libFIC_MSS_CM3_hw_platform.a(mss_uart.o)
 .data          0x00000000        0x0 D:\Practice\FIC\SoftConsole\FIC_MSS_CM3\FIC_MSS_CM3_hw_platform\Debug\libFIC_MSS_CM3_hw_platform.a(mss_uart.o)
 .bss           0x00000000        0x0 D:\Practice\FIC\SoftConsole\FIC_MSS_CM3\FIC_MSS_CM3_hw_platform\Debug\libFIC_MSS_CM3_hw_platform.a(mss_uart.o)
 .text.NVIC_EnableIRQ
                0x00000000       0x38 D:\Practice\FIC\SoftConsole\FIC_MSS_CM3\FIC_MSS_CM3_hw_platform\Debug\libFIC_MSS_CM3_hw_platform.a(mss_uart.o)
 .text.NVIC_DisableIRQ
                0x00000000       0x3c D:\Practice\FIC\SoftConsole\FIC_MSS_CM3\FIC_MSS_CM3_hw_platform\Debug\libFIC_MSS_CM3_hw_platform.a(mss_uart.o)
 .text.MSS_UART_lin_init
                0x00000000       0x78 D:\Practice\FIC\SoftConsole\FIC_MSS_CM3\FIC_MSS_CM3_hw_platform\Debug\libFIC_MSS_CM3_hw_platform.a(mss_uart.o)
 .text.MSS_UART_irda_init
                0x00000000       0xfc D:\Practice\FIC\SoftConsole\FIC_MSS_CM3\FIC_MSS_CM3_hw_platform\Debug\libFIC_MSS_CM3_hw_platform.a(mss_uart.o)
 .text.MSS_UART_smartcard_init
                0x00000000       0x94 D:\Practice\FIC\SoftConsole\FIC_MSS_CM3\FIC_MSS_CM3_hw_platform\Debug\libFIC_MSS_CM3_hw_platform.a(mss_uart.o)
 .text.MSS_UART_polled_tx_string
                0x00000000       0xcc D:\Practice\FIC\SoftConsole\FIC_MSS_CM3\FIC_MSS_CM3_hw_platform\Debug\libFIC_MSS_CM3_hw_platform.a(mss_uart.o)
 .text.MSS_UART_irq_tx
                0x00000000       0xb4 D:\Practice\FIC\SoftConsole\FIC_MSS_CM3\FIC_MSS_CM3_hw_platform\Debug\libFIC_MSS_CM3_hw_platform.a(mss_uart.o)
 .text.MSS_UART_tx_complete
                0x00000000       0x90 D:\Practice\FIC\SoftConsole\FIC_MSS_CM3\FIC_MSS_CM3_hw_platform\Debug\libFIC_MSS_CM3_hw_platform.a(mss_uart.o)
 .text.MSS_UART_get_rx
                0x00000000       0xdc D:\Practice\FIC\SoftConsole\FIC_MSS_CM3\FIC_MSS_CM3_hw_platform\Debug\libFIC_MSS_CM3_hw_platform.a(mss_uart.o)
 .text.MSS_UART_enable_irq
                0x00000000       0xbc D:\Practice\FIC\SoftConsole\FIC_MSS_CM3\FIC_MSS_CM3_hw_platform\Debug\libFIC_MSS_CM3_hw_platform.a(mss_uart.o)
 .text.MSS_UART_disable_irq
                0x00000000       0xb8 D:\Practice\FIC\SoftConsole\FIC_MSS_CM3\FIC_MSS_CM3_hw_platform\Debug\libFIC_MSS_CM3_hw_platform.a(mss_uart.o)
 .text.MSS_UART_set_rx_handler
                0x00000000       0xc0 D:\Practice\FIC\SoftConsole\FIC_MSS_CM3\FIC_MSS_CM3_hw_platform\Debug\libFIC_MSS_CM3_hw_platform.a(mss_uart.o)
 .text.MSS_UART_set_loopback
                0x00000000       0xec D:\Practice\FIC\SoftConsole\FIC_MSS_CM3\FIC_MSS_CM3_hw_platform\Debug\libFIC_MSS_CM3_hw_platform.a(mss_uart.o)
 .text.MSS_UART_set_rxstatus_handler
                0x00000000       0x8c D:\Practice\FIC\SoftConsole\FIC_MSS_CM3\FIC_MSS_CM3_hw_platform\Debug\libFIC_MSS_CM3_hw_platform.a(mss_uart.o)
 .text.MSS_UART_set_tx_handler
                0x00000000       0x9c D:\Practice\FIC\SoftConsole\FIC_MSS_CM3\FIC_MSS_CM3_hw_platform\Debug\libFIC_MSS_CM3_hw_platform.a(mss_uart.o)
 .text.MSS_UART_set_modemstatus_handler
                0x00000000       0x8c D:\Practice\FIC\SoftConsole\FIC_MSS_CM3\FIC_MSS_CM3_hw_platform\Debug\libFIC_MSS_CM3_hw_platform.a(mss_uart.o)
 .text.MSS_UART_fill_tx_fifo
                0x00000000       0xd4 D:\Practice\FIC\SoftConsole\FIC_MSS_CM3\FIC_MSS_CM3_hw_platform\Debug\libFIC_MSS_CM3_hw_platform.a(mss_uart.o)
 .text.MSS_UART_get_rx_status
                0x00000000       0x80 D:\Practice\FIC\SoftConsole\FIC_MSS_CM3\FIC_MSS_CM3_hw_platform\Debug\libFIC_MSS_CM3_hw_platform.a(mss_uart.o)
 .text.MSS_UART_get_modem_status
                0x00000000       0x60 D:\Practice\FIC\SoftConsole\FIC_MSS_CM3\FIC_MSS_CM3_hw_platform\Debug\libFIC_MSS_CM3_hw_platform.a(mss_uart.o)
 .text.MSS_UART_get_tx_status
                0x00000000       0x78 D:\Practice\FIC\SoftConsole\FIC_MSS_CM3\FIC_MSS_CM3_hw_platform\Debug\libFIC_MSS_CM3_hw_platform.a(mss_uart.o)
 .text.MSS_UART_set_break
                0x00000000       0x5c D:\Practice\FIC\SoftConsole\FIC_MSS_CM3\FIC_MSS_CM3_hw_platform\Debug\libFIC_MSS_CM3_hw_platform.a(mss_uart.o)
 .text.MSS_UART_clear_break
                0x00000000       0x5c D:\Practice\FIC\SoftConsole\FIC_MSS_CM3\FIC_MSS_CM3_hw_platform\Debug\libFIC_MSS_CM3_hw_platform.a(mss_uart.o)
 .text.MSS_UART_set_pidpei_handler
                0x00000000       0x8c D:\Practice\FIC\SoftConsole\FIC_MSS_CM3\FIC_MSS_CM3_hw_platform\Debug\libFIC_MSS_CM3_hw_platform.a(mss_uart.o)
 .text.MSS_UART_set_linbreak_handler
                0x00000000       0x8c D:\Practice\FIC\SoftConsole\FIC_MSS_CM3\FIC_MSS_CM3_hw_platform\Debug\libFIC_MSS_CM3_hw_platform.a(mss_uart.o)
 .text.MSS_UART_set_linsync_handler
                0x00000000       0x8c D:\Practice\FIC\SoftConsole\FIC_MSS_CM3\FIC_MSS_CM3_hw_platform\Debug\libFIC_MSS_CM3_hw_platform.a(mss_uart.o)
 .text.MSS_UART_set_nack_handler
                0x00000000       0x8c D:\Practice\FIC\SoftConsole\FIC_MSS_CM3\FIC_MSS_CM3_hw_platform\Debug\libFIC_MSS_CM3_hw_platform.a(mss_uart.o)
 .text.MSS_UART_set_rx_timeout_handler
                0x00000000       0x8c D:\Practice\FIC\SoftConsole\FIC_MSS_CM3\FIC_MSS_CM3_hw_platform\Debug\libFIC_MSS_CM3_hw_platform.a(mss_uart.o)
 .text.MSS_UART_enable_half_duplex
                0x00000000       0x5c D:\Practice\FIC\SoftConsole\FIC_MSS_CM3\FIC_MSS_CM3_hw_platform\Debug\libFIC_MSS_CM3_hw_platform.a(mss_uart.o)
 .text.MSS_UART_disable_half_duplex
                0x00000000       0x5c D:\Practice\FIC\SoftConsole\FIC_MSS_CM3\FIC_MSS_CM3_hw_platform\Debug\libFIC_MSS_CM3_hw_platform.a(mss_uart.o)
 .text.MSS_UART_set_rx_endian
                0x00000000       0x88 D:\Practice\FIC\SoftConsole\FIC_MSS_CM3\FIC_MSS_CM3_hw_platform\Debug\libFIC_MSS_CM3_hw_platform.a(mss_uart.o)
 .text.MSS_UART_set_tx_endian
                0x00000000       0x88 D:\Practice\FIC\SoftConsole\FIC_MSS_CM3\FIC_MSS_CM3_hw_platform\Debug\libFIC_MSS_CM3_hw_platform.a(mss_uart.o)
 .text.MSS_UART_set_filter_length
                0x00000000       0x68 D:\Practice\FIC\SoftConsole\FIC_MSS_CM3\FIC_MSS_CM3_hw_platform\Debug\libFIC_MSS_CM3_hw_platform.a(mss_uart.o)
 .text.MSS_UART_enable_afm
                0x00000000       0x5c D:\Practice\FIC\SoftConsole\FIC_MSS_CM3\FIC_MSS_CM3_hw_platform\Debug\libFIC_MSS_CM3_hw_platform.a(mss_uart.o)
 .text.MSS_UART_disable_afm
                0x00000000       0x5c D:\Practice\FIC\SoftConsole\FIC_MSS_CM3\FIC_MSS_CM3_hw_platform\Debug\libFIC_MSS_CM3_hw_platform.a(mss_uart.o)
 .text.MSS_UART_enable_afclear
                0x00000000       0x5c D:\Practice\FIC\SoftConsole\FIC_MSS_CM3\FIC_MSS_CM3_hw_platform\Debug\libFIC_MSS_CM3_hw_platform.a(mss_uart.o)
 .text.MSS_UART_disable_afclear
                0x00000000       0x5c D:\Practice\FIC\SoftConsole\FIC_MSS_CM3\FIC_MSS_CM3_hw_platform\Debug\libFIC_MSS_CM3_hw_platform.a(mss_uart.o)
 .text.MSS_UART_enable_rx_timeout
                0x00000000       0x6c D:\Practice\FIC\SoftConsole\FIC_MSS_CM3\FIC_MSS_CM3_hw_platform\Debug\libFIC_MSS_CM3_hw_platform.a(mss_uart.o)
 .text.MSS_UART_disable_rx_timeout
                0x00000000       0x5c D:\Practice\FIC\SoftConsole\FIC_MSS_CM3\FIC_MSS_CM3_hw_platform\Debug\libFIC_MSS_CM3_hw_platform.a(mss_uart.o)
 .text.MSS_UART_enable_tx_time_guard
                0x00000000       0x6c D:\Practice\FIC\SoftConsole\FIC_MSS_CM3\FIC_MSS_CM3_hw_platform\Debug\libFIC_MSS_CM3_hw_platform.a(mss_uart.o)
 .text.MSS_UART_disable_tx_time_guard
                0x00000000       0x5c D:\Practice\FIC\SoftConsole\FIC_MSS_CM3\FIC_MSS_CM3_hw_platform\Debug\libFIC_MSS_CM3_hw_platform.a(mss_uart.o)
 .text.MSS_UART_set_address
                0x00000000       0x5c D:\Practice\FIC\SoftConsole\FIC_MSS_CM3\FIC_MSS_CM3_hw_platform\Debug\libFIC_MSS_CM3_hw_platform.a(mss_uart.o)
 .text.MSS_UART_set_ready_mode
                0x00000000       0x88 D:\Practice\FIC\SoftConsole\FIC_MSS_CM3\FIC_MSS_CM3_hw_platform\Debug\libFIC_MSS_CM3_hw_platform.a(mss_uart.o)
 .text.MSS_UART_set_usart_mode
                0x00000000       0x90 D:\Practice\FIC\SoftConsole\FIC_MSS_CM3\FIC_MSS_CM3_hw_platform\Debug\libFIC_MSS_CM3_hw_platform.a(mss_uart.o)
 .text          0x00000000        0x0 D:\Practice\FIC\SoftConsole\FIC_MSS_CM3\FIC_MSS_CM3_hw_platform\Debug\libFIC_MSS_CM3_hw_platform.a(system_m2sxxx.o)
 .data          0x00000000        0x0 D:\Practice\FIC\SoftConsole\FIC_MSS_CM3\FIC_MSS_CM3_hw_platform\Debug\libFIC_MSS_CM3_hw_platform.a(system_m2sxxx.o)
 .bss           0x00000000        0x0 D:\Practice\FIC\SoftConsole\FIC_MSS_CM3\FIC_MSS_CM3_hw_platform\Debug\libFIC_MSS_CM3_hw_platform.a(system_m2sxxx.o)
 .text          0x00000000        0x0 D:\Practice\FIC\SoftConsole\FIC_MSS_CM3\FIC_MSS_CM3_hw_platform\Debug\libFIC_MSS_CM3_hw_platform.a(sys_config.o)
 .data          0x00000000        0x0 D:\Practice\FIC\SoftConsole\FIC_MSS_CM3\FIC_MSS_CM3_hw_platform\Debug\libFIC_MSS_CM3_hw_platform.a(sys_config.o)
 .bss           0x00000000        0x0 D:\Practice\FIC\SoftConsole\FIC_MSS_CM3\FIC_MSS_CM3_hw_platform\Debug\libFIC_MSS_CM3_hw_platform.a(sys_config.o)
 .text          0x00000000        0xc d:/microsemi/softconsole v3.4/sourcery-g++/bin/../lib/gcc/arm-none-eabi/4.4.1/../../../../arm-none-eabi/lib/thumb2\libc.a(lib_a-errno.o)
 .data          0x00000000        0x0 d:/microsemi/softconsole v3.4/sourcery-g++/bin/../lib/gcc/arm-none-eabi/4.4.1/../../../../arm-none-eabi/lib/thumb2\libc.a(lib_a-errno.o)
 .bss           0x00000000        0x0 d:/microsemi/softconsole v3.4/sourcery-g++/bin/../lib/gcc/arm-none-eabi/4.4.1/../../../../arm-none-eabi/lib/thumb2\libc.a(lib_a-errno.o)
 .text          0x00000000        0x0 d:/microsemi/softconsole v3.4/sourcery-g++/bin/../lib/gcc/arm-none-eabi/4.4.1/../../../../arm-none-eabi/lib/thumb2\libc.a(lib_a-impure.o)
 .data          0x00000000       0xf4 d:/microsemi/softconsole v3.4/sourcery-g++/bin/../lib/gcc/arm-none-eabi/4.4.1/../../../../arm-none-eabi/lib/thumb2\libc.a(lib_a-impure.o)
 .bss           0x00000000        0x0 d:/microsemi/softconsole v3.4/sourcery-g++/bin/../lib/gcc/arm-none-eabi/4.4.1/../../../../arm-none-eabi/lib/thumb2\libc.a(lib_a-impure.o)
 .rodata        0x00000000        0x4 d:/microsemi/softconsole v3.4/sourcery-g++/bin/../lib/gcc/arm-none-eabi/4.4.1/../../../../arm-none-eabi/lib/thumb2\libc.a(lib_a-impure.o)
 .rodata.str1.4
                0x00000000        0x4 d:/microsemi/softconsole v3.4/sourcery-g++/bin/../lib/gcc/arm-none-eabi/4.4.1/../../../../arm-none-eabi/lib/thumb2\libc.a(lib_a-impure.o)
 .data          0x00000000        0x0 d:/microsemi/softconsole v3.4/sourcery-g++/bin/../lib/gcc/arm-none-eabi/4.4.1/../../../../arm-none-eabi/lib/thumb2\libc.a(lib_a-init.o)
 .bss           0x00000000        0x0 d:/microsemi/softconsole v3.4/sourcery-g++/bin/../lib/gcc/arm-none-eabi/4.4.1/../../../../arm-none-eabi/lib/thumb2\libc.a(lib_a-init.o)
 .text          0x00000000        0x0 d:/microsemi/softconsole v3.4/sourcery-g++/bin/../lib/gcc/arm-none-eabi/4.4.1/thumb2/crtend.o
 .data          0x00000000        0x0 d:/microsemi/softconsole v3.4/sourcery-g++/bin/../lib/gcc/arm-none-eabi/4.4.1/thumb2/crtend.o
 .bss           0x00000000        0x0 d:/microsemi/softconsole v3.4/sourcery-g++/bin/../lib/gcc/arm-none-eabi/4.4.1/thumb2/crtend.o
 .text          0x00000000        0x0 d:/microsemi/softconsole v3.4/sourcery-g++/bin/../lib/gcc/arm-none-eabi/4.4.1/thumb2/crtn.o
 .data          0x00000000        0x0 d:/microsemi/softconsole v3.4/sourcery-g++/bin/../lib/gcc/arm-none-eabi/4.4.1/thumb2/crtn.o
 .bss           0x00000000        0x0 d:/microsemi/softconsole v3.4/sourcery-g++/bin/../lib/gcc/arm-none-eabi/4.4.1/thumb2/crtn.o

Memory Configuration

Name             Origin             Length             Attributes
rom              0x60000000         0x00040000         xr
romMirror        0x00000000         0x00040000         xr
ram              0x20000000         0x00010000         xrw
*default*        0x00000000         0xffffffff

Linker script and memory map

LOAD d:/microsemi/softconsole v3.4/sourcery-g++/bin/../lib/gcc/arm-none-eabi/4.4.1/thumb2/crti.o
LOAD d:/microsemi/softconsole v3.4/sourcery-g++/bin/../lib/gcc/arm-none-eabi/4.4.1/thumb2/crtbegin.o
LOAD ./main.o
LOAD D:/Practice/FIC/SoftConsole/FIC_MSS_CM3/FIC_MSS_CM3_hw_platform/Debug/CMSIS/startup_gcc/startup_m2sxxx.o
LOAD D:/Practice/FIC/SoftConsole/FIC_MSS_CM3/FIC_MSS_CM3_hw_platform/Debug/CMSIS/startup_gcc/newlib_stubs.o
LOAD D:\Practice\FIC\SoftConsole\FIC_MSS_CM3\FIC_MSS_CM3_hw_platform\Debug\libFIC_MSS_CM3_hw_platform.a
START GROUP
LOAD d:/microsemi/softconsole v3.4/sourcery-g++/bin/../lib/gcc/arm-none-eabi/4.4.1/thumb2\libgcc.a
LOAD d:/microsemi/softconsole v3.4/sourcery-g++/bin/../lib/gcc/arm-none-eabi/4.4.1/../../../../arm-none-eabi/lib/thumb2\libc.a
END GROUP
LOAD d:/microsemi/softconsole v3.4/sourcery-g++/bin/../lib/gcc/arm-none-eabi/4.4.1/thumb2/crtend.o
LOAD d:/microsemi/softconsole v3.4/sourcery-g++/bin/../lib/gcc/arm-none-eabi/4.4.1/thumb2/crtn.o
START GROUP
LOAD d:/microsemi/softconsole v3.4/sourcery-g++/bin/../lib/gcc/arm-none-eabi/4.4.1/../../../../arm-none-eabi/lib/thumb2\libc.a
LOAD d:/microsemi/softconsole v3.4/sourcery-g++/bin/../lib/gcc/arm-none-eabi/4.4.1/thumb2\libgcc.a
LOAD d:/microsemi/softconsole v3.4/sourcery-g++/bin/../lib/gcc/arm-none-eabi/4.4.1/../../../../arm-none-eabi/lib/thumb2\libm.a
END GROUP
                0x00000000                __DYNAMIC = 0x0
                0x20000000                RAM_START_ADDRESS = 0x20000000
                0x00010000                RAM_SIZE = 0x10000
                0x00002000                MAIN_STACK_SIZE = 0x2000
                0x00001000                PROCESS_STACK_SIZE = 0x1000
                0x20010000                PROVIDE (__main_stack_start, (RAM_START_ADDRESS + RAM_SIZE))
                0x2000e000                PROVIDE (__process_stack_start, (__main_stack_start - MAIN_STACK_SIZE))
                0x20010000                PROVIDE (_estack, __main_stack_start)
                0x00000001                PROVIDE (__mirrored_nvm, 0x1)
                0x00000000                PROVIDE (__smartfusion2_memory_remap, 0x0)

.vector_table   0x00000000      0x190 load address 0x60000000
                0x60000000                __vector_table_load = LOADADDR (.vector_table)
                0x00000000                __vector_table_start = .
                0x00000000                __vector_table_vma_base_address = .
 *(.isr_vector)
 .isr_vector    0x00000000      0x190 D:/Practice/FIC/SoftConsole/FIC_MSS_CM3/FIC_MSS_CM3_hw_platform/Debug/CMSIS/startup_gcc/startup_m2sxxx.o
                0x00000000                g_pfnVectors
                0x00000190                . = ALIGN (0x10)
                0x00000190                _evector_table = .

.boot_code      0x00000190      0x280 load address 0x60000190
 .boot_code     0x00000190      0x280 D:/Practice/FIC/SoftConsole/FIC_MSS_CM3/FIC_MSS_CM3_hw_platform/Debug/CMSIS/startup_gcc/startup_m2sxxx.o
                0x00000190                Reset_Handler
                0x000002da                NMI_Handler
                0x000002dc                HardFault_Handler
                0x000002de                MemManage_Handler
                0x000002e0                BusFault_Handler
                0x000002e2                UsageFault_Handler
                0x000002e4                SVC_Handler
                0x000002e6                DebugMon_Handler
                0x000002e8                PendSV_Handler
                0x000002ea                SysTick_Handler
                0x000002ec                WdogWakeup_IRQHandler
                0x000002ee                RTC_Wakeup_IRQHandler
                0x000002f0                SPI0_IRQHandler
                0x000002f2                SPI1_IRQHandler
                0x000002f4                I2C0_IRQHandler
                0x000002f6                I2C0_SMBAlert_IRQHandler
                0x000002f8                I2C0_SMBus_IRQHandler
                0x000002fa                I2C1_IRQHandler
                0x000002fc                I2C1_SMBAlert_IRQHandler
                0x000002fe                I2C1_SMBus_IRQHandler
                0x00000304                EthernetMAC_IRQHandler
                0x00000306                DMA_IRQHandler
                0x00000308                Timer1_IRQHandler
                0x0000030a                Timer2_IRQHandler
                0x0000030c                CAN_IRQHandler
                0x0000030e                ENVM0_IRQHandler
                0x00000310                ENVM1_IRQHandler
                0x00000312                ComBlk_IRQHandler
                0x00000314                USB_IRQHandler
                0x00000316                USB_DMA_IRQHandler
                0x00000318                PLL_Lock_IRQHandler
                0x0000031a                PLL_LockLost_IRQHandler
                0x0000031c                CommSwitchError_IRQHandler
                0x0000031e                CacheError_IRQHandler
                0x00000320                DDR_IRQHandler
                0x00000322                HPDMA_Complete_IRQHandler
                0x00000324                HPDMA_Error_IRQHandler
                0x00000326                ECC_Error_IRQHandler
                0x00000328                MDDR_IOCalib_IRQHandler
                0x0000032a                FAB_PLL_Lock_IRQHandler
                0x0000032c                FAB_PLL_LockLost_IRQHandler
                0x0000032e                FIC64_IRQHandler
                0x00000330                FabricIrq0_IRQHandler
                0x00000332                FabricIrq1_IRQHandler
                0x00000334                FabricIrq2_IRQHandler
                0x00000336                FabricIrq3_IRQHandler
                0x00000338                FabricIrq4_IRQHandler
                0x0000033a                FabricIrq5_IRQHandler
                0x0000033c                FabricIrq6_IRQHandler
                0x0000033e                FabricIrq7_IRQHandler
                0x00000340                FabricIrq8_IRQHandler
                0x00000342                FabricIrq9_IRQHandler
                0x00000344                FabricIrq10_IRQHandler
                0x00000346                FabricIrq11_IRQHandler
                0x00000348                FabricIrq12_IRQHandler
                0x0000034a                FabricIrq13_IRQHandler
                0x0000034c                FabricIrq14_IRQHandler
                0x0000034e                FabricIrq15_IRQHandler
                0x00000350                GPIO0_IRQHandler
                0x00000352                GPIO1_IRQHandler
                0x00000354                GPIO2_IRQHandler
                0x00000356                GPIO3_IRQHandler
                0x00000358                GPIO4_IRQHandler
                0x0000035a                GPIO5_IRQHandler
                0x0000035c                GPIO6_IRQHandler
                0x0000035e                GPIO7_IRQHandler
                0x00000360                GPIO8_IRQHandler
                0x00000362                GPIO9_IRQHandler
                0x00000364                GPIO10_IRQHandler
                0x00000366                GPIO11_IRQHandler
                0x00000368                GPIO12_IRQHandler
                0x0000036a                GPIO13_IRQHandler
                0x0000036c                GPIO14_IRQHandler
                0x0000036e                GPIO15_IRQHandler
                0x00000370                GPIO16_IRQHandler
                0x00000372                GPIO17_IRQHandler
                0x00000374                GPIO18_IRQHandler
                0x00000376                GPIO19_IRQHandler
                0x00000378                GPIO20_IRQHandler
                0x0000037a                GPIO21_IRQHandler
                0x0000037c                GPIO22_IRQHandler
                0x0000037e                GPIO23_IRQHandler
                0x00000380                GPIO24_IRQHandler
                0x00000382                GPIO25_IRQHandler
                0x00000384                GPIO26_IRQHandler
                0x00000386                GPIO27_IRQHandler
                0x00000388                GPIO28_IRQHandler
                0x0000038a                GPIO29_IRQHandler
                0x0000038c                GPIO30_IRQHandler
                0x0000038e                GPIO31_IRQHandler
                0x00000390                mscc_post_hw_cfg_init

.text           0x00000410     0x1100 load address 0x60000410
 CREATE_OBJECT_SYMBOLS
                0x60000410                __text_load = LOADADDR (.text)
                0x00000410                __text_start = .
 *(.text .text.* .gnu.linkonce.t.*)
 .text          0x00000410       0x30 d:/microsemi/softconsole v3.4/sourcery-g++/bin/../lib/gcc/arm-none-eabi/4.4.1/thumb2/crtbegin.o
 .text.main     0x00000440       0xbc ./main.o
                0x00000440                main
 .text.NVIC_ClearPendingIRQ
                0x000004fc       0x3c D:\Practice\FIC\SoftConsole\FIC_MSS_CM3\FIC_MSS_CM3_hw_platform\Debug\libFIC_MSS_CM3_hw_platform.a(mss_uart.o)
 .text.set_bit_reg8
                0x00000538       0x40 D:\Practice\FIC\SoftConsole\FIC_MSS_CM3\FIC_MSS_CM3_hw_platform\Debug\libFIC_MSS_CM3_hw_platform.a(mss_uart.o)
 .text.clear_bit_reg8
                0x00000578       0x40 D:\Practice\FIC\SoftConsole\FIC_MSS_CM3\FIC_MSS_CM3_hw_platform\Debug\libFIC_MSS_CM3_hw_platform.a(mss_uart.o)
 .text.read_bit_reg8
                0x000005b8       0x40 D:\Practice\FIC\SoftConsole\FIC_MSS_CM3\FIC_MSS_CM3_hw_platform\Debug\libFIC_MSS_CM3_hw_platform.a(mss_uart.o)
 .text.MSS_UART_init
                0x000005f8       0x84 D:\Practice\FIC\SoftConsole\FIC_MSS_CM3\FIC_MSS_CM3_hw_platform\Debug\libFIC_MSS_CM3_hw_platform.a(mss_uart.o)
                0x000005f8                MSS_UART_init
 .text.MSS_UART_polled_tx
                0x0000067c       0xe4 D:\Practice\FIC\SoftConsole\FIC_MSS_CM3\FIC_MSS_CM3_hw_platform\Debug\libFIC_MSS_CM3_hw_platform.a(mss_uart.o)
                0x0000067c                MSS_UART_polled_tx
 .text.UART0_IRQHandler
                0x00000760       0x24 D:\Practice\FIC\SoftConsole\FIC_MSS_CM3\FIC_MSS_CM3_hw_platform\Debug\libFIC_MSS_CM3_hw_platform.a(mss_uart.o)
                0x00000760                UART0_IRQHandler
 .text.UART1_IRQHandler
                0x00000784       0x24 D:\Practice\FIC\SoftConsole\FIC_MSS_CM3\FIC_MSS_CM3_hw_platform\Debug\libFIC_MSS_CM3_hw_platform.a(mss_uart.o)
                0x00000784                UART1_IRQHandler
 .text.config_baud_divisors
                0x000007a8      0x198 D:\Practice\FIC\SoftConsole\FIC_MSS_CM3\FIC_MSS_CM3_hw_platform\Debug\libFIC_MSS_CM3_hw_platform.a(mss_uart.o)
 .text.global_init
                0x00000940      0x26c D:\Practice\FIC\SoftConsole\FIC_MSS_CM3\FIC_MSS_CM3_hw_platform\Debug\libFIC_MSS_CM3_hw_platform.a(mss_uart.o)
 .text.MSS_UART_isr
                0x00000bac      0x22c D:\Practice\FIC\SoftConsole\FIC_MSS_CM3\FIC_MSS_CM3_hw_platform\Debug\libFIC_MSS_CM3_hw_platform.a(mss_uart.o)
 .text.default_tx_handler
                0x00000dd8      0x10c D:\Practice\FIC\SoftConsole\FIC_MSS_CM3\FIC_MSS_CM3_hw_platform\Debug\libFIC_MSS_CM3_hw_platform.a(mss_uart.o)
 .text.SystemInit
                0x00000ee4       0x9c D:\Practice\FIC\SoftConsole\FIC_MSS_CM3\FIC_MSS_CM3_hw_platform\Debug\libFIC_MSS_CM3_hw_platform.a(system_m2sxxx.o)
                0x00000ee4                SystemInit
 .text.SystemCoreClockUpdate
                0x00000f80      0x14c D:\Practice\FIC\SoftConsole\FIC_MSS_CM3\FIC_MSS_CM3_hw_platform\Debug\libFIC_MSS_CM3_hw_platform.a(system_m2sxxx.o)
                0x00000f80                SystemCoreClockUpdate
 .text.get_rcosc_25_50mhz_frequency
                0x000010cc       0x44 D:\Practice\FIC\SoftConsole\FIC_MSS_CM3\FIC_MSS_CM3_hw_platform\Debug\libFIC_MSS_CM3_hw_platform.a(system_m2sxxx.o)
 .text.set_clock_frequency_globals
                0x00001110       0x6c D:\Practice\FIC\SoftConsole\FIC_MSS_CM3\FIC_MSS_CM3_hw_platform\Debug\libFIC_MSS_CM3_hw_platform.a(system_m2sxxx.o)
 .text.copy_cfg16_to_regs
                0x0000117c       0x48 D:\Practice\FIC\SoftConsole\FIC_MSS_CM3\FIC_MSS_CM3_hw_platform\Debug\libFIC_MSS_CM3_hw_platform.a(system_m2sxxx.o)
 .text.config_ddr_subsys
                0x000011c4       0xf0 D:\Practice\FIC\SoftConsole\FIC_MSS_CM3\FIC_MSS_CM3_hw_platform\Debug\libFIC_MSS_CM3_hw_platform.a(system_m2sxxx.o)
 .text.get_silicon_revision
                0x000012b4       0x50 D:\Practice\FIC\SoftConsole\FIC_MSS_CM3\FIC_MSS_CM3_hw_platform\Debug\libFIC_MSS_CM3_hw_platform.a(system_m2sxxx.o)
 .text.silicon_workarounds
                0x00001304       0x20 D:\Practice\FIC\SoftConsole\FIC_MSS_CM3\FIC_MSS_CM3_hw_platform\Debug\libFIC_MSS_CM3_hw_platform.a(system_m2sxxx.o)
 .text.m2s050_rev_a_workarounds
                0x00001324       0x44 D:\Practice\FIC\SoftConsole\FIC_MSS_CM3\FIC_MSS_CM3_hw_platform\Debug\libFIC_MSS_CM3_hw_platform.a(system_m2sxxx.o)
 .text          0x00001368       0x50 d:/microsemi/softconsole v3.4/sourcery-g++/bin/../lib/gcc/arm-none-eabi/4.4.1/../../../../arm-none-eabi/lib/thumb2\libc.a(lib_a-init.o)
                0x00001368                __libc_init_array
 *(.plt)
 *(.gnu.warning)
 *(.glue_7t)
 .glue_7t       0x00000000        0x0 linker stubs
 *(.glue_7)
 .glue_7        0x00000000        0x0 linker stubs
 *(.vfp11_veneer)
 .vfp11_veneer  0x00000000        0x0 linker stubs
                0x000013b8                . = ALIGN (0x4)
 *crtbegin.o(.ctors)
 *(EXCLUDE_FILE(*crtend.o) .ctors)
 *(SORT(.ctors.*))
 *crtend.o(.ctors)
 *crtbegin.o(.dtors)
 *(EXCLUDE_FILE(*crtend.o) .dtors)
 *(SORT(.dtors.*))
 *crtend.o(.dtors)
 *(.rodata .rodata.* .gnu.linkonce.r.*)
 .rodata        0x000013b8       0x18 ./main.o
 .rodata.C.19.3551
                0x000013d0        0x8 D:\Practice\FIC\SoftConsole\FIC_MSS_CM3\FIC_MSS_CM3_hw_platform\Debug\libFIC_MSS_CM3_hw_platform.a(system_m2sxxx.o)
 .rodata.g_m2s_mddr_addr
                0x000013d8        0x4 D:\Practice\FIC\SoftConsole\FIC_MSS_CM3\FIC_MSS_CM3_hw_platform\Debug\libFIC_MSS_CM3_hw_platform.a(sys_config.o)
                0x000013d8                g_m2s_mddr_addr
 .rodata.g_m2s_mddr_subsys_config
                0x000013dc      0x10c D:\Practice\FIC\SoftConsole\FIC_MSS_CM3\FIC_MSS_CM3_hw_platform\Debug\libFIC_MSS_CM3_hw_platform.a(sys_config.o)
                0x000013dc                g_m2s_mddr_subsys_config
 *(.ARM.extab* .gnu.linkonce.armextab.*)
 *(.gcc_except_table)
 *(.eh_frame_hdr)
 *(.eh_frame)
 *(.vector_table)
 *(.init)
 .init          0x000014e8        0x4 d:/microsemi/softconsole v3.4/sourcery-g++/bin/../lib/gcc/arm-none-eabi/4.4.1/thumb2/crti.o
                0x000014e8                _init
 .init          0x000014ec        0x8 d:/microsemi/softconsole v3.4/sourcery-g++/bin/../lib/gcc/arm-none-eabi/4.4.1/thumb2/crtn.o
 *(.fini)
 .fini          0x000014f4        0x4 d:/microsemi/softconsole v3.4/sourcery-g++/bin/../lib/gcc/arm-none-eabi/4.4.1/thumb2/crti.o
                0x000014f4                _fini
 .fini          0x000014f8        0x8 d:/microsemi/softconsole v3.4/sourcery-g++/bin/../lib/gcc/arm-none-eabi/4.4.1/thumb2/crtn.o
                0x00001500                PROVIDE (__preinit_array_start, .)
 *(.preinit_array)
                0x00001500                PROVIDE (__preinit_array_end, .)
                0x00001500                PROVIDE (__init_array_start, .)
 *(SORT(.init_array.*))
 *(.init_array)
 .init_array    0x00001500        0x4 d:/microsemi/softconsole v3.4/sourcery-g++/bin/../lib/gcc/arm-none-eabi/4.4.1/thumb2/crtbegin.o
                0x00001504                PROVIDE (__init_array_end, .)
                0x00001504                PROVIDE (__fini_array_start, .)
 *(.fini_array)
 .fini_array    0x00001504        0x4 d:/microsemi/softconsole v3.4/sourcery-g++/bin/../lib/gcc/arm-none-eabi/4.4.1/thumb2/crtbegin.o
 *(SORT(.fini_array.*))
                0x00001508                PROVIDE (__fini_array_end, .)
                0x00001510                . = ALIGN (0x10)
 *fill*         0x00001508        0x8 00
                0x00001510                __exidx_start = .

.v4_bx          0x00001510        0x0 load address 0x60001510
 .v4_bx         0x00000000        0x0 linker stubs

.ARM.exidx
 *(.ARM.exidx* .gnu.linkonce.armexidx.*)
                0x00001510                __exidx_end = .
                0x00001510                _etext = .

.data           0x20000000       0x20 load address 0x60001510
                0x60001510                __data_load = LOADADDR (.data)
                0x60001510                _sidata = LOADADDR (.data)
                0x20000000                __data_start = .
                0x20000000                _sdata = .
 *(.jcr)
 .jcr           0x20000000        0x0 d:/microsemi/softconsole v3.4/sourcery-g++/bin/../lib/gcc/arm-none-eabi/4.4.1/thumb2/crtbegin.o
 .jcr           0x20000000        0x4 d:/microsemi/softconsole v3.4/sourcery-g++/bin/../lib/gcc/arm-none-eabi/4.4.1/thumb2/crtend.o
 *(.got.plt)
 *(.got)
 *(.shdata)
 *(.data .data.* .gnu.linkonce.d.*)
 .data.SystemCoreClock
                0x20000004        0x4 D:\Practice\FIC\SoftConsole\FIC_MSS_CM3\FIC_MSS_CM3_hw_platform\Debug\libFIC_MSS_CM3_hw_platform.a(system_m2sxxx.o)
                0x20000004                SystemCoreClock
 .data.g_FrequencyPCLK0
                0x20000008        0x4 D:\Practice\FIC\SoftConsole\FIC_MSS_CM3\FIC_MSS_CM3_hw_platform\Debug\libFIC_MSS_CM3_hw_platform.a(system_m2sxxx.o)
                0x20000008                g_FrequencyPCLK0
 .data.g_FrequencyPCLK1
                0x2000000c        0x4 D:\Practice\FIC\SoftConsole\FIC_MSS_CM3\FIC_MSS_CM3_hw_platform\Debug\libFIC_MSS_CM3_hw_platform.a(system_m2sxxx.o)
                0x2000000c                g_FrequencyPCLK1
 .data.g_FrequencyPCLK2
                0x20000010        0x4 D:\Practice\FIC\SoftConsole\FIC_MSS_CM3\FIC_MSS_CM3_hw_platform\Debug\libFIC_MSS_CM3_hw_platform.a(system_m2sxxx.o)
                0x20000010                g_FrequencyPCLK2
 .data.g_FrequencyFIC0
                0x20000014        0x4 D:\Practice\FIC\SoftConsole\FIC_MSS_CM3\FIC_MSS_CM3_hw_platform\Debug\libFIC_MSS_CM3_hw_platform.a(system_m2sxxx.o)
                0x20000014                g_FrequencyFIC0
 .data.g_FrequencyFIC1
                0x20000018        0x4 D:\Practice\FIC\SoftConsole\FIC_MSS_CM3\FIC_MSS_CM3_hw_platform\Debug\libFIC_MSS_CM3_hw_platform.a(system_m2sxxx.o)
                0x20000018                g_FrequencyFIC1
 .data.g_FrequencyFIC64
                0x2000001c        0x4 D:\Practice\FIC\SoftConsole\FIC_MSS_CM3\FIC_MSS_CM3_hw_platform\Debug\libFIC_MSS_CM3_hw_platform.a(system_m2sxxx.o)
                0x2000001c                g_FrequencyFIC64
                0x20000020                . = ALIGN (0x10)
                0x20000020                _edata = .

.bss            0x20000020       0x90 load address 0x60001530
                0x20000020                __bss_start__ = .
                0x20000020                _sbss = .
 *(.shbss)
 *(.bss .bss.* .gnu.linkonce.b.*)
 .bss           0x20000020        0x1 d:/microsemi/softconsole v3.4/sourcery-g++/bin/../lib/gcc/arm-none-eabi/4.4.1/thumb2/crtbegin.o
 *(COMMON)
 *fill*         0x20000021        0x3 00
 COMMON         0x20000024       0x80 D:\Practice\FIC\SoftConsole\FIC_MSS_CM3\FIC_MSS_CM3_hw_platform\Debug\libFIC_MSS_CM3_hw_platform.a(mss_uart.o)
                0x20000024                g_mss_uart1
                0x20000064                g_mss_uart0
                0x200000b0                . = ALIGN (0x10)
 *fill*         0x200000a4        0xc 00
                0x200000b0                __bss_end__ = .
                0x200000b0                _end = .
                0x200000b0                __end = _end
                0x200000b0                _ebss = .
                0x200000b0                PROVIDE (end, .)

.heap           0x200000b0     0xcf50 load address 0x60001530
                0x200000b0                __heap_start__ = .
                0x2000d000                . = (. + ((((RAM_START_ADDRESS + RAM_SIZE) - PROCESS_STACK_SIZE) - MAIN_STACK_SIZE) - _end))
 *fill*         0x200000b0     0xcf50 00
                0x2000d000                . = ALIGN (0x10)
                0x2000d000                _eheap = .

.stack          0x2000d000     0x3000 load address 0x60001530
                0x2000d000                __stack_start__ = .
                0x2000e000                . = (. + PROCESS_STACK_SIZE)
 *fill*         0x2000d000     0x1000 00
                0x2000e000                . = ALIGN (0x4)
                0x20010000                . = (. + MAIN_STACK_SIZE)
 *fill*         0x2000e000     0x2000 00
                0x20010000                . = ALIGN (0x10)
                0x20010000                _estack = .

.stab
 *(.stab)

.stabstr
 *(.stabstr)

.debug
 *(.debug)

.line
 *(.line)

.debug_srcinfo
 *(.debug_srcinfo)

.debug_sfnames
 *(.debug_sfnames)

.comment        0x00000000       0xd7
 .comment       0x00000000       0x2b ./main.o
 .comment       0x0000002b       0x2b D:/Practice/FIC/SoftConsole/FIC_MSS_CM3/FIC_MSS_CM3_hw_platform/Debug/CMSIS/startup_gcc/newlib_stubs.o
 .comment       0x00000056       0x2b D:\Practice\FIC\SoftConsole\FIC_MSS_CM3\FIC_MSS_CM3_hw_platform\Debug\libFIC_MSS_CM3_hw_platform.a(mss_uart.o)
 .comment       0x00000081       0x2b D:\Practice\FIC\SoftConsole\FIC_MSS_CM3\FIC_MSS_CM3_hw_platform\Debug\libFIC_MSS_CM3_hw_platform.a(system_m2sxxx.o)
 .comment       0x000000ac       0x2b D:\Practice\FIC\SoftConsole\FIC_MSS_CM3\FIC_MSS_CM3_hw_platform\Debug\libFIC_MSS_CM3_hw_platform.a(sys_config.o)

.debug_aranges  0x00000000      0x2f8
 *(.debug_aranges)
 .debug_aranges
                0x00000000       0x20 ./main.o
 .debug_aranges
                0x00000020       0xa8 D:/Practice/FIC/SoftConsole/FIC_MSS_CM3/FIC_MSS_CM3_hw_platform/Debug/CMSIS/startup_gcc/newlib_stubs.o
 .debug_aranges
                0x000000c8      0x1d0 D:\Practice\FIC\SoftConsole\FIC_MSS_CM3\FIC_MSS_CM3_hw_platform\Debug\libFIC_MSS_CM3_hw_platform.a(mss_uart.o)
 .debug_aranges
                0x00000298       0x60 D:\Practice\FIC\SoftConsole\FIC_MSS_CM3\FIC_MSS_CM3_hw_platform\Debug\libFIC_MSS_CM3_hw_platform.a(system_m2sxxx.o)

.debug_pubnames
                0x00000000      0x723
 *(.debug_pubnames)
 .debug_pubnames
                0x00000000       0x1b ./main.o
 .debug_pubnames
                0x0000001b       0xeb D:/Practice/FIC/SoftConsole/FIC_MSS_CM3/FIC_MSS_CM3_hw_platform/Debug/CMSIS/startup_gcc/newlib_stubs.o
 .debug_pubnames
                0x00000106      0x50f D:\Practice\FIC\SoftConsole\FIC_MSS_CM3\FIC_MSS_CM3_hw_platform\Debug\libFIC_MSS_CM3_hw_platform.a(mss_uart.o)
 .debug_pubnames
                0x00000615       0xcb D:\Practice\FIC\SoftConsole\FIC_MSS_CM3\FIC_MSS_CM3_hw_platform\Debug\libFIC_MSS_CM3_hw_platform.a(system_m2sxxx.o)
 .debug_pubnames
                0x000006e0       0x43 D:\Practice\FIC\SoftConsole\FIC_MSS_CM3\FIC_MSS_CM3_hw_platform\Debug\libFIC_MSS_CM3_hw_platform.a(sys_config.o)

.debug_info     0x00000000     0x5f66
 *(.debug_info .gnu.linkonce.wi.*)
 .debug_info    0x00000000      0x72d ./main.o
 .debug_info    0x0000072d      0x6ed D:/Practice/FIC/SoftConsole/FIC_MSS_CM3/FIC_MSS_CM3_hw_platform/Debug/CMSIS/startup_gcc/newlib_stubs.o
 .debug_info    0x00000e1a     0x1ed4 D:\Practice\FIC\SoftConsole\FIC_MSS_CM3\FIC_MSS_CM3_hw_platform\Debug\libFIC_MSS_CM3_hw_platform.a(mss_uart.o)
 .debug_info    0x00002cee     0x1f4c D:\Practice\FIC\SoftConsole\FIC_MSS_CM3\FIC_MSS_CM3_hw_platform\Debug\libFIC_MSS_CM3_hw_platform.a(system_m2sxxx.o)
 .debug_info    0x00004c3a     0x132c D:\Practice\FIC\SoftConsole\FIC_MSS_CM3\FIC_MSS_CM3_hw_platform\Debug\libFIC_MSS_CM3_hw_platform.a(sys_config.o)

.debug_abbrev   0x00000000      0x7f7
 *(.debug_abbrev)
 .debug_abbrev  0x00000000      0x154 ./main.o
 .debug_abbrev  0x00000154      0x170 D:/Practice/FIC/SoftConsole/FIC_MSS_CM3/FIC_MSS_CM3_hw_platform/Debug/CMSIS/startup_gcc/newlib_stubs.o
 .debug_abbrev  0x000002c4      0x280 D:\Practice\FIC\SoftConsole\FIC_MSS_CM3\FIC_MSS_CM3_hw_platform\Debug\libFIC_MSS_CM3_hw_platform.a(mss_uart.o)
 .debug_abbrev  0x00000544      0x1a9 D:\Practice\FIC\SoftConsole\FIC_MSS_CM3\FIC_MSS_CM3_hw_platform\Debug\libFIC_MSS_CM3_hw_platform.a(system_m2sxxx.o)
 .debug_abbrev  0x000006ed      0x10a D:\Practice\FIC\SoftConsole\FIC_MSS_CM3\FIC_MSS_CM3_hw_platform\Debug\libFIC_MSS_CM3_hw_platform.a(sys_config.o)

.debug_line     0x00000000     0x1378
 *(.debug_line)
 .debug_line    0x00000000      0x28b ./main.o
 .debug_line    0x0000028b      0x466 D:/Practice/FIC/SoftConsole/FIC_MSS_CM3/FIC_MSS_CM3_hw_platform/Debug/CMSIS/startup_gcc/newlib_stubs.o
 .debug_line    0x000006f1      0x8a8 D:\Practice\FIC\SoftConsole\FIC_MSS_CM3\FIC_MSS_CM3_hw_platform\Debug\libFIC_MSS_CM3_hw_platform.a(mss_uart.o)
 .debug_line    0x00000f99      0x254 D:\Practice\FIC\SoftConsole\FIC_MSS_CM3\FIC_MSS_CM3_hw_platform\Debug\libFIC_MSS_CM3_hw_platform.a(system_m2sxxx.o)
 .debug_line    0x000011ed      0x18b D:\Practice\FIC\SoftConsole\FIC_MSS_CM3\FIC_MSS_CM3_hw_platform\Debug\libFIC_MSS_CM3_hw_platform.a(sys_config.o)

.debug_frame    0x00000000      0xa64
 *(.debug_frame)
 .debug_frame   0x00000000       0x30 ./main.o
 .debug_frame   0x00000030      0x21c D:/Practice/FIC/SoftConsole/FIC_MSS_CM3/FIC_MSS_CM3_hw_platform/Debug/CMSIS/startup_gcc/newlib_stubs.o
 .debug_frame   0x0000024c      0x6b4 D:\Practice\FIC\SoftConsole\FIC_MSS_CM3\FIC_MSS_CM3_hw_platform\Debug\libFIC_MSS_CM3_hw_platform.a(mss_uart.o)
 .debug_frame   0x00000900      0x118 D:\Practice\FIC\SoftConsole\FIC_MSS_CM3\FIC_MSS_CM3_hw_platform\Debug\libFIC_MSS_CM3_hw_platform.a(system_m2sxxx.o)
 .debug_frame   0x00000a18       0x20 d:/microsemi/softconsole v3.4/sourcery-g++/bin/../lib/gcc/arm-none-eabi/4.4.1/../../../../arm-none-eabi/lib/thumb2\libc.a(lib_a-errno.o)
 .debug_frame   0x00000a38       0x2c d:/microsemi/softconsole v3.4/sourcery-g++/bin/../lib/gcc/arm-none-eabi/4.4.1/../../../../arm-none-eabi/lib/thumb2\libc.a(lib_a-init.o)

.debug_str      0x00000000     0x2c62
 *(.debug_str)
 .debug_str     0x00000000      0x72e ./main.o
                                0x7e2 (size before relaxing)
 .debug_str     0x0000072e      0x246 D:/Practice/FIC/SoftConsole/FIC_MSS_CM3/FIC_MSS_CM3_hw_platform/Debug/CMSIS/startup_gcc/newlib_stubs.o
                                0x319 (size before relaxing)
 .debug_str     0x00000974     0x1159 D:\Practice\FIC\SoftConsole\FIC_MSS_CM3\FIC_MSS_CM3_hw_platform\Debug\libFIC_MSS_CM3_hw_platform.a(mss_uart.o)
                               0x197f (size before relaxing)
 .debug_str     0x00001acd     0x116b D:\Practice\FIC\SoftConsole\FIC_MSS_CM3\FIC_MSS_CM3_hw_platform\Debug\libFIC_MSS_CM3_hw_platform.a(system_m2sxxx.o)
                               0x19ce (size before relaxing)
 .debug_str     0x00002c38       0x2a D:\Practice\FIC\SoftConsole\FIC_MSS_CM3\FIC_MSS_CM3_hw_platform\Debug\libFIC_MSS_CM3_hw_platform.a(sys_config.o)
                               0x1045 (size before relaxing)

.debug_loc      0x00000000     0x1199
 *(.debug_loc)
 .debug_loc     0x00000000       0x37 ./main.o
 .debug_loc     0x00000037      0x3c6 D:/Practice/FIC/SoftConsole/FIC_MSS_CM3/FIC_MSS_CM3_hw_platform/Debug/CMSIS/startup_gcc/newlib_stubs.o
 .debug_loc     0x000003fd      0xbb9 D:\Practice\FIC\SoftConsole\FIC_MSS_CM3\FIC_MSS_CM3_hw_platform\Debug\libFIC_MSS_CM3_hw_platform.a(mss_uart.o)
 .debug_loc     0x00000fb6      0x1e3 D:\Practice\FIC\SoftConsole\FIC_MSS_CM3\FIC_MSS_CM3_hw_platform\Debug\libFIC_MSS_CM3_hw_platform.a(system_m2sxxx.o)

.debug_macinfo  0x00000000    0x24900
 *(.debug_macinfo)
 .debug_macinfo
                0x00000000     0x788a ./main.o
 .debug_macinfo
                0x0000788a     0x4bf0 D:/Practice/FIC/SoftConsole/FIC_MSS_CM3/FIC_MSS_CM3_hw_platform/Debug/CMSIS/startup_gcc/newlib_stubs.o
 .debug_macinfo
                0x0000c47a     0x8184 D:\Practice\FIC\SoftConsole\FIC_MSS_CM3\FIC_MSS_CM3_hw_platform\Debug\libFIC_MSS_CM3_hw_platform.a(mss_uart.o)
 .debug_macinfo
                0x000145fe     0x7419 D:\Practice\FIC\SoftConsole\FIC_MSS_CM3\FIC_MSS_CM3_hw_platform\Debug\libFIC_MSS_CM3_hw_platform.a(system_m2sxxx.o)
 .debug_macinfo
                0x0001ba17     0x8ee9 D:\Practice\FIC\SoftConsole\FIC_MSS_CM3\FIC_MSS_CM3_hw_platform\Debug\libFIC_MSS_CM3_hw_platform.a(sys_config.o)

.debug_weaknames
 *(.debug_weaknames)

.debug_funcnames
 *(.debug_funcnames)

.debug_typenames
 *(.debug_typenames)

.debug_varnames
 *(.debug_varnames)

.note.gnu.arm.ident
 *(.note.gnu.arm.ident)

.ARM.attributes
                0x00000000       0x25
 *(.ARM.attributes)
 .ARM.attributes
                0x00000000       0x19 d:/microsemi/softconsole v3.4/sourcery-g++/bin/../lib/gcc/arm-none-eabi/4.4.1/thumb2/crti.o
 .ARM.attributes
                0x00000019       0x29 d:/microsemi/softconsole v3.4/sourcery-g++/bin/../lib/gcc/arm-none-eabi/4.4.1/thumb2/crtbegin.o
 .ARM.attributes
                0x00000042       0x31 ./main.o
 .ARM.attributes
                0x00000073       0x21 D:/Practice/FIC/SoftConsole/FIC_MSS_CM3/FIC_MSS_CM3_hw_platform/Debug/CMSIS/startup_gcc/startup_m2sxxx.o
 .ARM.attributes
                0x00000094       0x31 D:/Practice/FIC/SoftConsole/FIC_MSS_CM3/FIC_MSS_CM3_hw_platform/Debug/CMSIS/startup_gcc/newlib_stubs.o
 .ARM.attributes
                0x000000c5       0x31 D:\Practice\FIC\SoftConsole\FIC_MSS_CM3\FIC_MSS_CM3_hw_platform\Debug\libFIC_MSS_CM3_hw_platform.a(mss_uart.o)
 .ARM.attributes
                0x000000f6       0x31 D:\Practice\FIC\SoftConsole\FIC_MSS_CM3\FIC_MSS_CM3_hw_platform\Debug\libFIC_MSS_CM3_hw_platform.a(system_m2sxxx.o)
 .ARM.attributes
                0x00000127       0x31 D:\Practice\FIC\SoftConsole\FIC_MSS_CM3\FIC_MSS_CM3_hw_platform\Debug\libFIC_MSS_CM3_hw_platform.a(sys_config.o)
 .ARM.attributes
                0x00000158       0x29 d:/microsemi/softconsole v3.4/sourcery-g++/bin/../lib/gcc/arm-none-eabi/4.4.1/../../../../arm-none-eabi/lib/thumb2\libc.a(lib_a-errno.o)
 .ARM.attributes
                0x00000181       0x29 d:/microsemi/softconsole v3.4/sourcery-g++/bin/../lib/gcc/arm-none-eabi/4.4.1/../../../../arm-none-eabi/lib/thumb2\libc.a(lib_a-impure.o)
 .ARM.attributes
                0x000001aa       0x29 d:/microsemi/softconsole v3.4/sourcery-g++/bin/../lib/gcc/arm-none-eabi/4.4.1/../../../../arm-none-eabi/lib/thumb2\libc.a(lib_a-init.o)
 .ARM.attributes
                0x000001d3       0x29 d:/microsemi/softconsole v3.4/sourcery-g++/bin/../lib/gcc/arm-none-eabi/4.4.1/thumb2/crtend.o
 .ARM.attributes
                0x000001fc       0x19 d:/microsemi/softconsole v3.4/sourcery-g++/bin/../lib/gcc/arm-none-eabi/4.4.1/thumb2/crtn.o

/DISCARD/
 *(.note.GNU-stack)
OUTPUT(FIC_MSS_CM3_app elf32-littlearm)

.debug_ranges   0x00000000      0x2d8
 .debug_ranges  0x00000000       0x18 ./main.o
 .debug_ranges  0x00000018       0xa0 D:/Practice/FIC/SoftConsole/FIC_MSS_CM3/FIC_MSS_CM3_hw_platform/Debug/CMSIS/startup_gcc/newlib_stubs.o
 .debug_ranges  0x000000b8      0x1c8 D:\Practice\FIC\SoftConsole\FIC_MSS_CM3\FIC_MSS_CM3_hw_platform\Debug\libFIC_MSS_CM3_hw_platform.a(mss_uart.o)
 .debug_ranges  0x00000280       0x58 D:\Practice\FIC\SoftConsole\FIC_MSS_CM3\FIC_MSS_CM3_hw_platform\Debug\libFIC_MSS_CM3_hw_platform.a(system_m2sxxx.o)
