

#### START OF CLOCK OPTIMIZATION REPORT #####[

Clock optimization not enabled
1 non-gated/non-generated clock tree(s) driving 340 clock pin(s) of sequential element(s)
128 gated/generated clock tree(s) driving 128 clock pin(s) of sequential element(s)
0 instances converted, 128 sequential instances remain driven by gated/generated clocks

=================================== Non-Gated/Non-Generated Clocks ====================================
Clock Tree ID     Driving Element     Drive Element Type     Fanout     Sample Instance                
-------------------------------------------------------------------------------------------------------
@K:CKID0129       FCCC_0.GL1_INST     CLKINT                 340        hello_regs_MSS_0.MSS_ADLIB_INST
=======================================================================================================
========================================================================================= Gated/Generated Clocks =========================================================================================
Clock Tree ID     Driving Element                               Drive Element Type     Fanout     Sample Instance                                  Explanation                                            
----------------------------------------------------------------------------------------------------------------------------------------------------------------------------------------------------------
@K:CKID0001       reg_apb_wrp_0.reg16x8_0.un1_data_out8_23      CFG3                   1          reg_apb_wrp_0.reg16x8_0.un1_data_out8_247_rs     No gated clock conversion method for cell cell:ACG4.SLE
@K:CKID0002       reg_apb_wrp_0.reg16x8_0.un1_data_out8_111     CFG3                   1          reg_apb_wrp_0.reg16x8_0.un1_data_out8_215_rs     No gated clock conversion method for cell cell:ACG4.SLE
@K:CKID0003       reg_apb_wrp_0.reg16x8_0.un1_data_out8_119     CFG3                   1          reg_apb_wrp_0.reg16x8_0.un1_data_out8_223_rs     No gated clock conversion method for cell cell:ACG4.SLE
@K:CKID0004       reg_apb_wrp_0.reg16x8_0.un1_data_out8_60      CFG3                   1          reg_apb_wrp_0.reg16x8_0.un1_data_out8_254_rs     No gated clock conversion method for cell cell:ACG4.SLE
@K:CKID0005       reg_apb_wrp_0.reg16x8_0.un1_data_out8_110     CFG3                   1          reg_apb_wrp_0.reg16x8_0.un1_data_out8_214_rs     No gated clock conversion method for cell cell:ACG4.SLE
@K:CKID0006       reg_apb_wrp_0.reg16x8_0.un1_data_out8_118     CFG3                   1          reg_apb_wrp_0.reg16x8_0.un1_data_out8_222_rs     No gated clock conversion method for cell cell:ACG4.SLE
@K:CKID0007       reg_apb_wrp_0.reg16x8_0.un1_data_out8_63      CFG3                   1          reg_apb_wrp_0.reg16x8_0.un1_data_out8_253_rs     No gated clock conversion method for cell cell:ACG4.SLE
@K:CKID0008       reg_apb_wrp_0.reg16x8_0.un1_data_out8_87      CFG3                   1          reg_apb_wrp_0.reg16x8_0.un1_data_out8_151_rs     No gated clock conversion method for cell cell:ACG4.SLE
@K:CKID0009       reg_apb_wrp_0.reg16x8_0.un1_data_out8_46      CFG3                   1          reg_apb_wrp_0.reg16x8_0.un1_data_out8_159_rs     No gated clock conversion method for cell cell:ACG4.SLE
@K:CKID0010       reg_apb_wrp_0.reg16x8_0.un1_data_out8_39      CFG3                   1          reg_apb_wrp_0.reg16x8_0.un1_data_out8_167_rs     No gated clock conversion method for cell cell:ACG4.SLE
@K:CKID0011       reg_apb_wrp_0.reg16x8_0.un1_data_out8_55      CFG3                   1          reg_apb_wrp_0.reg16x8_0.un1_data_out8_135_rs     No gated clock conversion method for cell cell:ACG4.SLE
@K:CKID0012       reg_apb_wrp_0.reg16x8_0.un1_data_out8_10      CFG3                   1          reg_apb_wrp_0.reg16x8_0.un1_data_out8_185_rs     No gated clock conversion method for cell cell:ACG4.SLE
@K:CKID0013       reg_apb_wrp_0.reg16x8_0.un1_data_out8_26      CFG3                   1          reg_apb_wrp_0.reg16x8_0.un1_data_out8_201_rs     No gated clock conversion method for cell cell:ACG4.SLE
@K:CKID0014       reg_apb_wrp_0.reg16x8_0.un1_data_out8_122     CFG3                   1          reg_apb_wrp_0.reg16x8_0.un1_data_out8_177_rs     No gated clock conversion method for cell cell:ACG4.SLE
@K:CKID0015       reg_apb_wrp_0.reg16x8_0.un1_data_out8_1       CFG3                   1          reg_apb_wrp_0.reg16x8_0.un1_data_out8_233_rs     No gated clock conversion method for cell cell:ACG4.SLE
@K:CKID0016       reg_apb_wrp_0.reg16x8_0.un1_data_out8_71      CFG3                   1          reg_apb_wrp_0.reg16x8_0.un1_data_out8_188_rs     No gated clock conversion method for cell cell:ACG4.SLE
@K:CKID0017       reg_apb_wrp_0.reg16x8_0.un1_data_out8_79      CFG3                   1          reg_apb_wrp_0.reg16x8_0.un1_data_out8_204_rs     No gated clock conversion method for cell cell:ACG4.SLE
@K:CKID0018       reg_apb_wrp_0.reg16x8_0.un1_data_out8_100     CFG3                   1          reg_apb_wrp_0.reg16x8_0.un1_data_out8_180_rs     No gated clock conversion method for cell cell:ACG4.SLE
@K:CKID0019       reg_apb_wrp_0.reg16x8_0.un1_data_out8_95      CFG3                   1          reg_apb_wrp_0.reg16x8_0.un1_data_out8_236_rs     No gated clock conversion method for cell cell:ACG4.SLE
@K:CKID0020       reg_apb_wrp_0.reg16x8_0.un1_data_out8_117     CFG3                   1          reg_apb_wrp_0.reg16x8_0.un1_data_out8_221_rs     No gated clock conversion method for cell cell:ACG4.SLE
@K:CKID0021       reg_apb_wrp_0.reg16x8_0.un1_data_out8_62      CFG3                   1          reg_apb_wrp_0.reg16x8_0.un1_data_out8_252_rs     No gated clock conversion method for cell cell:ACG4.SLE
@K:CKID0022       reg_apb_wrp_0.reg16x8_0.un1_data_out8_86      CFG3                   1          reg_apb_wrp_0.reg16x8_0.un1_data_out8_150_rs     No gated clock conversion method for cell cell:ACG4.SLE
@K:CKID0023       reg_apb_wrp_0.reg16x8_0.un1_data_out8_44      CFG3                   1          reg_apb_wrp_0.reg16x8_0.un1_data_out8_158_rs     No gated clock conversion method for cell cell:ACG4.SLE
@K:CKID0024       reg_apb_wrp_0.reg16x8_0.un1_data_out8_37      CFG3                   1          reg_apb_wrp_0.reg16x8_0.un1_data_out8_166_rs     No gated clock conversion method for cell cell:ACG4.SLE
@K:CKID0025       reg_apb_wrp_0.reg16x8_0.un1_data_out8_53      CFG3                   1          reg_apb_wrp_0.reg16x8_0.un1_data_out8_134_rs     No gated clock conversion method for cell cell:ACG4.SLE
@K:CKID0026       reg_apb_wrp_0.reg16x8_0.un1_data_out8_8       CFG3                   1          reg_apb_wrp_0.reg16x8_0.un1_data_out8_143_rs     No gated clock conversion method for cell cell:ACG4.SLE
@K:CKID0027       reg_apb_wrp_0.reg16x8_0.un1_data_out8_24      CFG3                   1          reg_apb_wrp_0.reg16x8_0.un1_data_out8_199_rs     No gated clock conversion method for cell cell:ACG4.SLE
@K:CKID0028       reg_apb_wrp_0.reg16x8_0.un1_data_out8_120     CFG3                   1          reg_apb_wrp_0.reg16x8_0.un1_data_out8_175_rs     No gated clock conversion method for cell cell:ACG4.SLE
@K:CKID0029       reg_apb_wrp_0.reg16x8_0.un1_data_out8_3       CFG3                   1          reg_apb_wrp_0.reg16x8_0.un1_data_out8_231_rs     No gated clock conversion method for cell cell:ACG4.SLE
@K:CKID0030       reg_apb_wrp_0.reg16x8_0.un1_data_out8_70      CFG3                   1          reg_apb_wrp_0.reg16x8_0.un1_data_out8_186_rs     No gated clock conversion method for cell cell:ACG4.SLE
@K:CKID0031       reg_apb_wrp_0.reg16x8_0.un1_data_out8_78      CFG3                   1          reg_apb_wrp_0.reg16x8_0.un1_data_out8_202_rs     No gated clock conversion method for cell cell:ACG4.SLE
@K:CKID0032       reg_apb_wrp_0.reg16x8_0.un1_data_out8_103     CFG3                   1          reg_apb_wrp_0.reg16x8_0.un1_data_out8_178_rs     No gated clock conversion method for cell cell:ACG4.SLE
@K:CKID0033       reg_apb_wrp_0.reg16x8_0.un1_data_out8_94      CFG3                   1          reg_apb_wrp_0.reg16x8_0.un1_data_out8_234_rs     No gated clock conversion method for cell cell:ACG4.SLE
@K:CKID0034       reg_apb_wrp_0.reg16x8_0.un1_data_out8_22      CFG3                   1          reg_apb_wrp_0.reg16x8_0.un1_data_out8_246_rs     No gated clock conversion method for cell cell:ACG4.SLE
@K:CKID0035       reg_apb_wrp_0.reg16x8_0.un1_data_out8_61      CFG3                   1          reg_apb_wrp_0.reg16x8_0.un1_data_out8_255_rs     No gated clock conversion method for cell cell:ACG4.SLE
@K:CKID0036       reg_apb_wrp_0.reg16x8_0.un1_data_out8_85      CFG3                   1          reg_apb_wrp_0.reg16x8_0.un1_data_out8_149_rs     No gated clock conversion method for cell cell:ACG4.SLE
@K:CKID0037       reg_apb_wrp_0.reg16x8_0.un1_data_out8_42      CFG3                   1          reg_apb_wrp_0.reg16x8_0.un1_data_out8_157_rs     No gated clock conversion method for cell cell:ACG4.SLE
@K:CKID0038       reg_apb_wrp_0.reg16x8_0.un1_data_out8_35      CFG3                   1          reg_apb_wrp_0.reg16x8_0.un1_data_out8_165_rs     No gated clock conversion method for cell cell:ACG4.SLE
@K:CKID0039       reg_apb_wrp_0.reg16x8_0.un1_data_out8_51      CFG3                   1          reg_apb_wrp_0.reg16x8_0.un1_data_out8_133_rs     No gated clock conversion method for cell cell:ACG4.SLE
@K:CKID0040       reg_apb_wrp_0.reg16x8_0.un1_data_out8_67      CFG3                   1          reg_apb_wrp_0.reg16x8_0.un1_data_out8_141_rs     No gated clock conversion method for cell cell:ACG4.SLE
@K:CKID0041       reg_apb_wrp_0.reg16x8_0.un1_data_out8_45      CFG3                   1          reg_apb_wrp_0.reg16x8_0.un1_data_out8_197_rs     No gated clock conversion method for cell cell:ACG4.SLE
@K:CKID0042       reg_apb_wrp_0.reg16x8_0.un1_data_out8_38      CFG3                   1          reg_apb_wrp_0.reg16x8_0.un1_data_out8_173_rs     No gated clock conversion method for cell cell:ACG4.SLE
@K:CKID0043       reg_apb_wrp_0.reg16x8_0.un1_data_out8_54      CFG3                   1          reg_apb_wrp_0.reg16x8_0.un1_data_out8_229_rs     No gated clock conversion method for cell cell:ACG4.SLE
@K:CKID0044       reg_apb_wrp_0.reg16x8_0.un1_data_out8_69      CFG3                   1          reg_apb_wrp_0.reg16x8_0.un1_data_out8_184_rs     No gated clock conversion method for cell cell:ACG4.SLE
@K:CKID0045       reg_apb_wrp_0.reg16x8_0.un1_data_out8_77      CFG3                   1          reg_apb_wrp_0.reg16x8_0.un1_data_out8_200_rs     No gated clock conversion method for cell cell:ACG4.SLE
@K:CKID0046       reg_apb_wrp_0.reg16x8_0.un1_data_out8_102     CFG3                   1          reg_apb_wrp_0.reg16x8_0.un1_data_out8_176_rs     No gated clock conversion method for cell cell:ACG4.SLE
@K:CKID0047       reg_apb_wrp_0.reg16x8_0.un1_data_out8_93      CFG3                   1          reg_apb_wrp_0.reg16x8_0.un1_data_out8_232_rs     No gated clock conversion method for cell cell:ACG4.SLE
@K:CKID0048       reg_apb_wrp_0.reg16x8_0.un1_data_out8_21      CFG3                   1          reg_apb_wrp_0.reg16x8_0.un1_data_out8_245_rs     No gated clock conversion method for cell cell:ACG4.SLE
@K:CKID0049       reg_apb_wrp_0.reg16x8_0.un1_data_out8_109     CFG3                   1          reg_apb_wrp_0.reg16x8_0.un1_data_out8_213_rs     No gated clock conversion method for cell cell:ACG4.SLE
@K:CKID0050       reg_apb_wrp_0.reg16x8_0.un1_data_out8_84      CFG3                   1          reg_apb_wrp_0.reg16x8_0.un1_data_out8_148_rs     No gated clock conversion method for cell cell:ACG4.SLE
@K:CKID0051       reg_apb_wrp_0.reg16x8_0.un1_data_out8_40      CFG3                   1          reg_apb_wrp_0.reg16x8_0.un1_data_out8_156_rs     No gated clock conversion method for cell cell:ACG4.SLE
@K:CKID0052       reg_apb_wrp_0.reg16x8_0.un1_data_out8_33      CFG3                   1          reg_apb_wrp_0.reg16x8_0.un1_data_out8_164_rs     No gated clock conversion method for cell cell:ACG4.SLE
@K:CKID0053       reg_apb_wrp_0.reg16x8_0.un1_data_out8_49      CFG3                   1          reg_apb_wrp_0.reg16x8_0.un1_data_out8_132_rs     No gated clock conversion method for cell cell:ACG4.SLE
@K:CKID0054       reg_apb_wrp_0.reg16x8_0.un1_data_out8_65      CFG3                   1          reg_apb_wrp_0.reg16x8_0.un1_data_out8_140_rs     No gated clock conversion method for cell cell:ACG4.SLE
@K:CKID0055       reg_apb_wrp_0.reg16x8_0.un1_data_out8_47      CFG3                   1          reg_apb_wrp_0.reg16x8_0.un1_data_out8_195_rs     No gated clock conversion method for cell cell:ACG4.SLE
@K:CKID0056       reg_apb_wrp_0.reg16x8_0.un1_data_out8_36      CFG3                   1          reg_apb_wrp_0.reg16x8_0.un1_data_out8_171_rs     No gated clock conversion method for cell cell:ACG4.SLE
@K:CKID0057       reg_apb_wrp_0.reg16x8_0.un1_data_out8_52      CFG3                   1          reg_apb_wrp_0.reg16x8_0.un1_data_out8_227_rs     No gated clock conversion method for cell cell:ACG4.SLE
@K:CKID0058       reg_apb_wrp_0.reg16x8_0.un1_data_out8_68      CFG3                   1          reg_apb_wrp_0.reg16x8_0.un1_data_out8_142_rs     No gated clock conversion method for cell cell:ACG4.SLE
@K:CKID0059       reg_apb_wrp_0.reg16x8_0.un1_data_out8_76      CFG3                   1          reg_apb_wrp_0.reg16x8_0.un1_data_out8_198_rs     No gated clock conversion method for cell cell:ACG4.SLE
@K:CKID0060       reg_apb_wrp_0.reg16x8_0.un1_data_out8_101     CFG3                   1          reg_apb_wrp_0.reg16x8_0.un1_data_out8_174_rs     No gated clock conversion method for cell cell:ACG4.SLE
@K:CKID0061       reg_apb_wrp_0.reg16x8_0.un1_data_out8_92      CFG3                   1          reg_apb_wrp_0.reg16x8_0.un1_data_out8_230_rs     No gated clock conversion method for cell cell:ACG4.SLE
@K:CKID0062       reg_apb_wrp_0.reg16x8_0.un1_data_out8_20      CFG3                   1          reg_apb_wrp_0.reg16x8_0.un1_data_out8_244_rs     No gated clock conversion method for cell cell:ACG4.SLE
@K:CKID0063       reg_apb_wrp_0.reg16x8_0.un1_data_out8_108     CFG3                   1          reg_apb_wrp_0.reg16x8_0.un1_data_out8_212_rs     No gated clock conversion method for cell cell:ACG4.SLE
@K:CKID0064       reg_apb_wrp_0.reg16x8_0.un1_data_out8_116     CFG3                   1          reg_apb_wrp_0.reg16x8_0.un1_data_out8_220_rs     No gated clock conversion method for cell cell:ACG4.SLE
@K:CKID0065       reg_apb_wrp_0.reg16x8_0.un1_data_out8_15      CFG3                   1          reg_apb_wrp_0.reg16x8_0.un1_data_out8_155_rs     No gated clock conversion method for cell cell:ACG4.SLE
@K:CKID0066       reg_apb_wrp_0.reg16x8_0.un1_data_out8_31      CFG3                   1          reg_apb_wrp_0.reg16x8_0.un1_data_out8_163_rs     No gated clock conversion method for cell cell:ACG4.SLE
@K:CKID0067       reg_apb_wrp_0.reg16x8_0.un1_data_out8_127     CFG3                   1          reg_apb_wrp_0.reg16x8_0.un1_data_out8_131_rs     No gated clock conversion method for cell cell:ACG4.SLE
@K:CKID0068       reg_apb_wrp_0.reg16x8_0.un1_data_out8_6       CFG3                   1          reg_apb_wrp_0.reg16x8_0.un1_data_out8_139_rs     No gated clock conversion method for cell cell:ACG4.SLE
@K:CKID0069       reg_apb_wrp_0.reg16x8_0.un1_data_out8_41      CFG3                   1          reg_apb_wrp_0.reg16x8_0.un1_data_out8_193_rs     No gated clock conversion method for cell cell:ACG4.SLE
@K:CKID0070       reg_apb_wrp_0.reg16x8_0.un1_data_out8_34      CFG3                   1          reg_apb_wrp_0.reg16x8_0.un1_data_out8_169_rs     No gated clock conversion method for cell cell:ACG4.SLE
@K:CKID0071       reg_apb_wrp_0.reg16x8_0.un1_data_out8_50      CFG3                   1          reg_apb_wrp_0.reg16x8_0.un1_data_out8_225_rs     No gated clock conversion method for cell cell:ACG4.SLE
@K:CKID0072       reg_apb_wrp_0.reg16x8_0.un1_data_out8_66      CFG3                   1          reg_apb_wrp_0.reg16x8_0.un1_data_out8_241_rs     No gated clock conversion method for cell cell:ACG4.SLE
@K:CKID0073       reg_apb_wrp_0.reg16x8_0.un1_data_out8_75      CFG3                   1          reg_apb_wrp_0.reg16x8_0.un1_data_out8_196_rs     No gated clock conversion method for cell cell:ACG4.SLE
@K:CKID0074       reg_apb_wrp_0.reg16x8_0.un1_data_out8_96      CFG3                   1          reg_apb_wrp_0.reg16x8_0.un1_data_out8_172_rs     No gated clock conversion method for cell cell:ACG4.SLE
@K:CKID0075       reg_apb_wrp_0.reg16x8_0.un1_data_out8_91      CFG3                   1          reg_apb_wrp_0.reg16x8_0.un1_data_out8_228_rs     No gated clock conversion method for cell cell:ACG4.SLE
@K:CKID0076       reg_apb_wrp_0.reg16x8_0.un1_data_out8_19      CFG3                   1          reg_apb_wrp_0.reg16x8_0.un1_data_out8_243_rs     No gated clock conversion method for cell cell:ACG4.SLE
@K:CKID0077       reg_apb_wrp_0.reg16x8_0.un1_data_out8_107     CFG3                   1          reg_apb_wrp_0.reg16x8_0.un1_data_out8_211_rs     No gated clock conversion method for cell cell:ACG4.SLE
@K:CKID0078       reg_apb_wrp_0.reg16x8_0.un1_data_out8_115     CFG3                   1          reg_apb_wrp_0.reg16x8_0.un1_data_out8_219_rs     No gated clock conversion method for cell cell:ACG4.SLE
@K:CKID0079       reg_apb_wrp_0.reg16x8_0.un1_data_out8_56      CFG3                   1          reg_apb_wrp_0.reg16x8_0.un1_data_out8_250_rs     No gated clock conversion method for cell cell:ACG4.SLE
@K:CKID0080       reg_apb_wrp_0.reg16x8_0.un1_data_out8_29      CFG3                   1          reg_apb_wrp_0.reg16x8_0.un1_data_out8_162_rs     No gated clock conversion method for cell cell:ACG4.SLE
@K:CKID0081       reg_apb_wrp_0.reg16x8_0.un1_data_out8_125     CFG3                   1          reg_apb_wrp_0.reg16x8_0.un1_data_out8_130_rs     No gated clock conversion method for cell cell:ACG4.SLE
@K:CKID0082       reg_apb_wrp_0.reg16x8_0.un1_data_out8_4       CFG3                   1          reg_apb_wrp_0.reg16x8_0.un1_data_out8_138_rs     No gated clock conversion method for cell cell:ACG4.SLE
@K:CKID0083       reg_apb_wrp_0.reg16x8_0.un1_data_out8_43      CFG3                   1          reg_apb_wrp_0.reg16x8_0.un1_data_out8_191_rs     No gated clock conversion method for cell cell:ACG4.SLE
@K:CKID0084       reg_apb_wrp_0.reg16x8_0.un1_data_out8_32      CFG3                   1          reg_apb_wrp_0.reg16x8_0.un1_data_out8_207_rs     No gated clock conversion method for cell cell:ACG4.SLE
@K:CKID0085       reg_apb_wrp_0.reg16x8_0.un1_data_out8_48      CFG3                   1          reg_apb_wrp_0.reg16x8_0.un1_data_out8_183_rs     No gated clock conversion method for cell cell:ACG4.SLE
@K:CKID0086       reg_apb_wrp_0.reg16x8_0.un1_data_out8_64      CFG3                   1          reg_apb_wrp_0.reg16x8_0.un1_data_out8_239_rs     No gated clock conversion method for cell cell:ACG4.SLE
@K:CKID0087       reg_apb_wrp_0.reg16x8_0.un1_data_out8_74      CFG3                   1          reg_apb_wrp_0.reg16x8_0.un1_data_out8_194_rs     No gated clock conversion method for cell cell:ACG4.SLE
@K:CKID0088       reg_apb_wrp_0.reg16x8_0.un1_data_out8_99      CFG3                   1          reg_apb_wrp_0.reg16x8_0.un1_data_out8_170_rs     No gated clock conversion method for cell cell:ACG4.SLE
@K:CKID0089       reg_apb_wrp_0.reg16x8_0.un1_data_out8_90      CFG3                   1          reg_apb_wrp_0.reg16x8_0.un1_data_out8_226_rs     No gated clock conversion method for cell cell:ACG4.SLE
@K:CKID0090       reg_apb_wrp_0.reg16x8_0.un1_data_out8_18      CFG3                   1          reg_apb_wrp_0.reg16x8_0.un1_data_out8_242_rs     No gated clock conversion method for cell cell:ACG4.SLE
@K:CKID0091       reg_apb_wrp_0.reg16x8_0.un1_data_out8_106     CFG3                   1          reg_apb_wrp_0.reg16x8_0.un1_data_out8_210_rs     No gated clock conversion method for cell cell:ACG4.SLE
@K:CKID0092       reg_apb_wrp_0.reg16x8_0.un1_data_out8_114     CFG3                   1          reg_apb_wrp_0.reg16x8_0.un1_data_out8_218_rs     No gated clock conversion method for cell cell:ACG4.SLE
@K:CKID0093       reg_apb_wrp_0.reg16x8_0.un1_data_out8_59      CFG3                   1          reg_apb_wrp_0.reg16x8_0.un1_data_out8_249_rs     No gated clock conversion method for cell cell:ACG4.SLE
@K:CKID0094       reg_apb_wrp_0.reg16x8_0.un1_data_out8_83      CFG3                   1          reg_apb_wrp_0.reg16x8_0.un1_data_out8_146_rs     No gated clock conversion method for cell cell:ACG4.SLE
@K:CKID0095       reg_apb_wrp_0.reg16x8_0.un1_data_out8_123     CFG3                   1          reg_apb_wrp_0.reg16x8_0.un1_data_out8_129_rs     No gated clock conversion method for cell cell:ACG4.SLE
@K:CKID0096       reg_apb_wrp_0.reg16x8_0.un1_data_out8_2       CFG3                   1          reg_apb_wrp_0.reg16x8_0.un1_data_out8_137_rs     No gated clock conversion method for cell cell:ACG4.SLE
@K:CKID0097       reg_apb_wrp_0.reg16x8_0.un1_data_out8_14      CFG3                   1          reg_apb_wrp_0.reg16x8_0.un1_data_out8_189_rs     No gated clock conversion method for cell cell:ACG4.SLE
@K:CKID0098       reg_apb_wrp_0.reg16x8_0.un1_data_out8_30      CFG3                   1          reg_apb_wrp_0.reg16x8_0.un1_data_out8_205_rs     No gated clock conversion method for cell cell:ACG4.SLE
@K:CKID0099       reg_apb_wrp_0.reg16x8_0.un1_data_out8_126     CFG3                   1          reg_apb_wrp_0.reg16x8_0.un1_data_out8_181_rs     No gated clock conversion method for cell cell:ACG4.SLE
@K:CKID0100       reg_apb_wrp_0.reg16x8_0.un1_data_out8_5       CFG3                   1          reg_apb_wrp_0.reg16x8_0.un1_data_out8_237_rs     No gated clock conversion method for cell cell:ACG4.SLE
@K:CKID0101       reg_apb_wrp_0.reg16x8_0.un1_data_out8_73      CFG3                   1          reg_apb_wrp_0.reg16x8_0.un1_data_out8_192_rs     No gated clock conversion method for cell cell:ACG4.SLE
@K:CKID0102       reg_apb_wrp_0.reg16x8_0.un1_data_out8_98      CFG3                   1          reg_apb_wrp_0.reg16x8_0.un1_data_out8_168_rs     No gated clock conversion method for cell cell:ACG4.SLE
@K:CKID0103       reg_apb_wrp_0.reg16x8_0.un1_data_out8_89      CFG3                   1          reg_apb_wrp_0.reg16x8_0.un1_data_out8_224_rs     No gated clock conversion method for cell cell:ACG4.SLE
@K:CKID0104       reg_apb_wrp_0.reg16x8_0.un1_data_out8_17      CFG3                   1          reg_apb_wrp_0.reg16x8_0.un1_data_out8_240_rs     No gated clock conversion method for cell cell:ACG4.SLE
@K:CKID0105       reg_apb_wrp_0.reg16x8_0.un1_data_out8_105     CFG3                   1          reg_apb_wrp_0.reg16x8_0.un1_data_out8_209_rs     No gated clock conversion method for cell cell:ACG4.SLE
@K:CKID0106       reg_apb_wrp_0.reg16x8_0.un1_data_out8_113     CFG3                   1          reg_apb_wrp_0.reg16x8_0.un1_data_out8_217_rs     No gated clock conversion method for cell cell:ACG4.SLE
@K:CKID0107       reg_apb_wrp_0.reg16x8_0.un1_data_out8_58      CFG3                   1          reg_apb_wrp_0.reg16x8_0.un1_data_out8_248_rs     No gated clock conversion method for cell cell:ACG4.SLE
@K:CKID0108       reg_apb_wrp_0.reg16x8_0.un1_data_out8_82      CFG3                   1          reg_apb_wrp_0.reg16x8_0.un1_data_out8_145_rs     No gated clock conversion method for cell cell:ACG4.SLE
@K:CKID0109       reg_apb_wrp_0.reg16x8_0.un1_data_out8_13      CFG3                   1          reg_apb_wrp_0.reg16x8_0.un1_data_out8_154_rs     No gated clock conversion method for cell cell:ACG4.SLE
@K:CKID0110       reg_apb_wrp_0.reg16x8_0.un1_data_out8         CFG3                   1          reg_apb_wrp_0.reg16x8_0.un1_data_out8_136_rs     No gated clock conversion method for cell cell:ACG4.SLE
@K:CKID0111       reg_apb_wrp_0.reg16x8_0.un1_data_out8_12      CFG3                   1          reg_apb_wrp_0.reg16x8_0.un1_data_out8_187_rs     No gated clock conversion method for cell cell:ACG4.SLE
@K:CKID0112       reg_apb_wrp_0.reg16x8_0.un1_data_out8_28      CFG3                   1          reg_apb_wrp_0.reg16x8_0.un1_data_out8_203_rs     No gated clock conversion method for cell cell:ACG4.SLE
@K:CKID0113       reg_apb_wrp_0.reg16x8_0.un1_data_out8_124     CFG3                   1          reg_apb_wrp_0.reg16x8_0.un1_data_out8_179_rs     No gated clock conversion method for cell cell:ACG4.SLE
@K:CKID0114       reg_apb_wrp_0.reg16x8_0.un1_data_out8_7       CFG3                   1          reg_apb_wrp_0.reg16x8_0.un1_data_out8_235_rs     No gated clock conversion method for cell cell:ACG4.SLE
@K:CKID0115       reg_apb_wrp_0.reg16x8_0.un1_data_out8_72      CFG3                   1          reg_apb_wrp_0.reg16x8_0.un1_data_out8_190_rs     No gated clock conversion method for cell cell:ACG4.SLE
@K:CKID0116       reg_apb_wrp_0.reg16x8_0.un1_data_out8_97      CFG3                   1          reg_apb_wrp_0.reg16x8_0.un1_data_out8_206_rs     No gated clock conversion method for cell cell:ACG4.SLE
@K:CKID0117       reg_apb_wrp_0.reg16x8_0.un1_data_out8_88      CFG3                   1          reg_apb_wrp_0.reg16x8_0.un1_data_out8_182_rs     No gated clock conversion method for cell cell:ACG4.SLE
@K:CKID0118       reg_apb_wrp_0.reg16x8_0.un1_data_out8_16      CFG3                   1          reg_apb_wrp_0.reg16x8_0.un1_data_out8_238_rs     No gated clock conversion method for cell cell:ACG4.SLE
@K:CKID0119       reg_apb_wrp_0.reg16x8_0.un1_data_out8_104     CFG3                   1          reg_apb_wrp_0.reg16x8_0.un1_data_out8_208_rs     No gated clock conversion method for cell cell:ACG4.SLE
@K:CKID0120       reg_apb_wrp_0.reg16x8_0.un1_data_out8_112     CFG3                   1          reg_apb_wrp_0.reg16x8_0.un1_data_out8_216_rs     No gated clock conversion method for cell cell:ACG4.SLE
@K:CKID0121       reg_apb_wrp_0.reg16x8_0.un1_data_out8_57      CFG3                   1          reg_apb_wrp_0.reg16x8_0.un1_data_out8_251_rs     No gated clock conversion method for cell cell:ACG4.SLE
@K:CKID0122       reg_apb_wrp_0.reg16x8_0.un1_data_out8_81      CFG3                   1          reg_apb_wrp_0.reg16x8_0.un1_data_out8_144_rs     No gated clock conversion method for cell cell:ACG4.SLE
@K:CKID0123       reg_apb_wrp_0.reg16x8_0.un1_data_out8_11      CFG3                   1          reg_apb_wrp_0.reg16x8_0.un1_data_out8_153_rs     No gated clock conversion method for cell cell:ACG4.SLE
@K:CKID0124       reg_apb_wrp_0.reg16x8_0.un1_data_out8_27      CFG3                   1          reg_apb_wrp_0.reg16x8_0.un1_data_out8_161_rs     No gated clock conversion method for cell cell:ACG4.SLE
@K:CKID0125       reg_apb_wrp_0.reg16x8_0.un1_data_out8_80      CFG3                   1          reg_apb_wrp_0.reg16x8_0.un1_data_out8_147_rs     No gated clock conversion method for cell cell:ACG4.SLE
@K:CKID0126       reg_apb_wrp_0.reg16x8_0.un1_data_out8_9       CFG3                   1          reg_apb_wrp_0.reg16x8_0.un1_data_out8_152_rs     No gated clock conversion method for cell cell:ACG4.SLE
@K:CKID0127       reg_apb_wrp_0.reg16x8_0.un1_data_out8_25      CFG3                   1          reg_apb_wrp_0.reg16x8_0.un1_data_out8_160_rs     No gated clock conversion method for cell cell:ACG4.SLE
@K:CKID0128       reg_apb_wrp_0.reg16x8_0.un1_data_out8_121     CFG3                   1          reg_apb_wrp_0.reg16x8_0.un1_data_out8_128_rs     No gated clock conversion method for cell cell:ACG4.SLE
==========================================================================================================================================================================================================


##### END OF CLOCK OPTIMIZATION REPORT ######]

