Archive member included because of file (symbol)

D:\Practice\FIC\SoftConsole\FIC_MSS_CM3\FIC_MSS_CM3_hw_platform\Release\libFIC_MSS_CM3_hw_platform.a(mss_uart.o)
                              ./main.o (MSS_UART_polled_tx)
D:\Practice\FIC\SoftConsole\FIC_MSS_CM3\FIC_MSS_CM3_hw_platform\Release\libFIC_MSS_CM3_hw_platform.a(system_m2sxxx.o)
                              D:\Practice\FIC\SoftConsole\FIC_MSS_CM3\FIC_MSS_CM3_hw_platform\Release\libFIC_MSS_CM3_hw_platform.a(mss_uart.o) (SystemCoreClockUpdate)
D:\Practice\FIC\SoftConsole\FIC_MSS_CM3\FIC_MSS_CM3_hw_platform\Release\libFIC_MSS_CM3_hw_platform.a(sys_config.o)
                              D:\Practice\FIC\SoftConsole\FIC_MSS_CM3\FIC_MSS_CM3_hw_platform\Release\libFIC_MSS_CM3_hw_platform.a(system_m2sxxx.o) (g_m2s_mddr_addr)
d:/microsemi/softconsole v3.4/sourcery-g++/bin/../lib/gcc/arm-none-eabi/4.4.1/../../../../arm-none-eabi/lib/thumb2\libc.a(lib_a-errno.o)
                              D:/Practice/FIC/SoftConsole/FIC_MSS_CM3/FIC_MSS_CM3_hw_platform/Release/CMSIS/startup_gcc/newlib_stubs.o (__errno)
d:/microsemi/softconsole v3.4/sourcery-g++/bin/../lib/gcc/arm-none-eabi/4.4.1/../../../../arm-none-eabi/lib/thumb2\libc.a(lib_a-impure.o)
                              d:/microsemi/softconsole v3.4/sourcery-g++/bin/../lib/gcc/arm-none-eabi/4.4.1/../../../../arm-none-eabi/lib/thumb2\libc.a(lib_a-errno.o) (_impure_ptr)
d:/microsemi/softconsole v3.4/sourcery-g++/bin/../lib/gcc/arm-none-eabi/4.4.1/../../../../arm-none-eabi/lib/thumb2\libc.a(lib_a-init.o)
                              D:/Practice/FIC/SoftConsole/FIC_MSS_CM3/FIC_MSS_CM3_hw_platform/Release/CMSIS/startup_gcc/startup_m2sxxx.o (__libc_init_array)

Allocating common symbols
Common symbol       size              file

g_mss_uart1         0x40              D:\Practice\FIC\SoftConsole\FIC_MSS_CM3\FIC_MSS_CM3_hw_platform\Release\libFIC_MSS_CM3_hw_platform.a(mss_uart.o)
g_mss_uart0         0x40              D:\Practice\FIC\SoftConsole\FIC_MSS_CM3\FIC_MSS_CM3_hw_platform\Release\libFIC_MSS_CM3_hw_platform.a(mss_uart.o)

Discarded input sections

 .text          0x00000000        0x0 d:/microsemi/softconsole v3.4/sourcery-g++/bin/../lib/gcc/arm-none-eabi/4.4.1/thumb2/crti.o
 .data          0x00000000        0x0 d:/microsemi/softconsole v3.4/sourcery-g++/bin/../lib/gcc/arm-none-eabi/4.4.1/thumb2/crti.o
 .bss           0x00000000        0x0 d:/microsemi/softconsole v3.4/sourcery-g++/bin/../lib/gcc/arm-none-eabi/4.4.1/thumb2/crti.o
 .data          0x00000000        0x4 d:/microsemi/softconsole v3.4/sourcery-g++/bin/../lib/gcc/arm-none-eabi/4.4.1/thumb2/crtbegin.o
 .text          0x00000000        0x0 ./main.o
 .data          0x00000000        0x0 ./main.o
 .bss           0x00000000        0x0 ./main.o
 .text          0x00000000        0x0 D:/Practice/FIC/SoftConsole/FIC_MSS_CM3/FIC_MSS_CM3_hw_platform/Release/CMSIS/startup_gcc/startup_m2sxxx.o
 .data          0x00000000        0x0 D:/Practice/FIC/SoftConsole/FIC_MSS_CM3/FIC_MSS_CM3_hw_platform/Release/CMSIS/startup_gcc/startup_m2sxxx.o
 .bss           0x00000000        0x0 D:/Practice/FIC/SoftConsole/FIC_MSS_CM3/FIC_MSS_CM3_hw_platform/Release/CMSIS/startup_gcc/startup_m2sxxx.o
 .text          0x00000000        0x0 D:/Practice/FIC/SoftConsole/FIC_MSS_CM3/FIC_MSS_CM3_hw_platform/Release/CMSIS/startup_gcc/newlib_stubs.o
 .data          0x00000000        0x0 D:/Practice/FIC/SoftConsole/FIC_MSS_CM3/FIC_MSS_CM3_hw_platform/Release/CMSIS/startup_gcc/newlib_stubs.o
 .bss           0x00000000        0x0 D:/Practice/FIC/SoftConsole/FIC_MSS_CM3/FIC_MSS_CM3_hw_platform/Release/CMSIS/startup_gcc/newlib_stubs.o
 .text._close   0x00000000        0x8 D:/Practice/FIC/SoftConsole/FIC_MSS_CM3/FIC_MSS_CM3_hw_platform/Release/CMSIS/startup_gcc/newlib_stubs.o
 .text._exit    0x00000000        0x4 D:/Practice/FIC/SoftConsole/FIC_MSS_CM3/FIC_MSS_CM3_hw_platform/Release/CMSIS/startup_gcc/newlib_stubs.o
 .text._fstat   0x00000000        0xc D:/Practice/FIC/SoftConsole/FIC_MSS_CM3/FIC_MSS_CM3_hw_platform/Release/CMSIS/startup_gcc/newlib_stubs.o
 .text._getpid  0x00000000        0x4 D:/Practice/FIC/SoftConsole/FIC_MSS_CM3/FIC_MSS_CM3_hw_platform/Release/CMSIS/startup_gcc/newlib_stubs.o
 .text._isatty  0x00000000        0x4 D:/Practice/FIC/SoftConsole/FIC_MSS_CM3/FIC_MSS_CM3_hw_platform/Release/CMSIS/startup_gcc/newlib_stubs.o
 .text._lseek   0x00000000        0x4 D:/Practice/FIC/SoftConsole/FIC_MSS_CM3/FIC_MSS_CM3_hw_platform/Release/CMSIS/startup_gcc/newlib_stubs.o
 .text._open    0x00000000        0x8 D:/Practice/FIC/SoftConsole/FIC_MSS_CM3/FIC_MSS_CM3_hw_platform/Release/CMSIS/startup_gcc/newlib_stubs.o
 .text._read    0x00000000        0x4 D:/Practice/FIC/SoftConsole/FIC_MSS_CM3/FIC_MSS_CM3_hw_platform/Release/CMSIS/startup_gcc/newlib_stubs.o
 .text._write_r
                0x00000000        0x4 D:/Practice/FIC/SoftConsole/FIC_MSS_CM3/FIC_MSS_CM3_hw_platform/Release/CMSIS/startup_gcc/newlib_stubs.o
 .text._sbrk    0x00000000       0x40 D:/Practice/FIC/SoftConsole/FIC_MSS_CM3/FIC_MSS_CM3_hw_platform/Release/CMSIS/startup_gcc/newlib_stubs.o
 .text._stat    0x00000000        0xc D:/Practice/FIC/SoftConsole/FIC_MSS_CM3/FIC_MSS_CM3_hw_platform/Release/CMSIS/startup_gcc/newlib_stubs.o
 .text._times   0x00000000        0x8 D:/Practice/FIC/SoftConsole/FIC_MSS_CM3/FIC_MSS_CM3_hw_platform/Release/CMSIS/startup_gcc/newlib_stubs.o
 .text._wait    0x00000000       0x10 D:/Practice/FIC/SoftConsole/FIC_MSS_CM3/FIC_MSS_CM3_hw_platform/Release/CMSIS/startup_gcc/newlib_stubs.o
 .text._unlink  0x00000000       0x10 D:/Practice/FIC/SoftConsole/FIC_MSS_CM3/FIC_MSS_CM3_hw_platform/Release/CMSIS/startup_gcc/newlib_stubs.o
 .text._link    0x00000000       0x10 D:/Practice/FIC/SoftConsole/FIC_MSS_CM3/FIC_MSS_CM3_hw_platform/Release/CMSIS/startup_gcc/newlib_stubs.o
 .text._kill    0x00000000       0x10 D:/Practice/FIC/SoftConsole/FIC_MSS_CM3/FIC_MSS_CM3_hw_platform/Release/CMSIS/startup_gcc/newlib_stubs.o
 .text._fork    0x00000000       0x10 D:/Practice/FIC/SoftConsole/FIC_MSS_CM3/FIC_MSS_CM3_hw_platform/Release/CMSIS/startup_gcc/newlib_stubs.o
 .text._execve  0x00000000       0x10 D:/Practice/FIC/SoftConsole/FIC_MSS_CM3/FIC_MSS_CM3_hw_platform/Release/CMSIS/startup_gcc/newlib_stubs.o
 .data.environ  0x00000000        0x4 D:/Practice/FIC/SoftConsole/FIC_MSS_CM3/FIC_MSS_CM3_hw_platform/Release/CMSIS/startup_gcc/newlib_stubs.o
 .bss.__env     0x00000000        0x4 D:/Practice/FIC/SoftConsole/FIC_MSS_CM3/FIC_MSS_CM3_hw_platform/Release/CMSIS/startup_gcc/newlib_stubs.o
 .bss.heap_end.2220
                0x00000000        0x4 D:/Practice/FIC/SoftConsole/FIC_MSS_CM3/FIC_MSS_CM3_hw_platform/Release/CMSIS/startup_gcc/newlib_stubs.o
 .text          0x00000000        0x0 D:\Practice\FIC\SoftConsole\FIC_MSS_CM3\FIC_MSS_CM3_hw_platform\Release\libFIC_MSS_CM3_hw_platform.a(mss_uart.o)
 .data          0x00000000        0x0 D:\Practice\FIC\SoftConsole\FIC_MSS_CM3\FIC_MSS_CM3_hw_platform\Release\libFIC_MSS_CM3_hw_platform.a(mss_uart.o)
 .bss           0x00000000        0x0 D:\Practice\FIC\SoftConsole\FIC_MSS_CM3\FIC_MSS_CM3_hw_platform\Release\libFIC_MSS_CM3_hw_platform.a(mss_uart.o)
 .text.MSS_UART_polled_tx_string
                0x00000000       0x7c D:\Practice\FIC\SoftConsole\FIC_MSS_CM3\FIC_MSS_CM3_hw_platform\Release\libFIC_MSS_CM3_hw_platform.a(mss_uart.o)
 .text.MSS_UART_irq_tx
                0x00000000       0x94 D:\Practice\FIC\SoftConsole\FIC_MSS_CM3\FIC_MSS_CM3_hw_platform\Release\libFIC_MSS_CM3_hw_platform.a(mss_uart.o)
 .text.MSS_UART_tx_complete
                0x00000000       0x38 D:\Practice\FIC\SoftConsole\FIC_MSS_CM3\FIC_MSS_CM3_hw_platform\Release\libFIC_MSS_CM3_hw_platform.a(mss_uart.o)
 .text.MSS_UART_get_rx
                0x00000000       0x74 D:\Practice\FIC\SoftConsole\FIC_MSS_CM3\FIC_MSS_CM3_hw_platform\Release\libFIC_MSS_CM3_hw_platform.a(mss_uart.o)
 .text.MSS_UART_enable_irq
                0x00000000       0x6c D:\Practice\FIC\SoftConsole\FIC_MSS_CM3\FIC_MSS_CM3_hw_platform\Release\libFIC_MSS_CM3_hw_platform.a(mss_uart.o)
 .text.MSS_UART_disable_irq
                0x00000000       0x6c D:\Practice\FIC\SoftConsole\FIC_MSS_CM3\FIC_MSS_CM3_hw_platform\Release\libFIC_MSS_CM3_hw_platform.a(mss_uart.o)
 .text.MSS_UART_set_rx_handler
                0x00000000       0x84 D:\Practice\FIC\SoftConsole\FIC_MSS_CM3\FIC_MSS_CM3_hw_platform\Release\libFIC_MSS_CM3_hw_platform.a(mss_uart.o)
 .text.MSS_UART_set_loopback
                0x00000000       0x98 D:\Practice\FIC\SoftConsole\FIC_MSS_CM3\FIC_MSS_CM3_hw_platform\Release\libFIC_MSS_CM3_hw_platform.a(mss_uart.o)
 .text.MSS_UART_set_rxstatus_handler
                0x00000000       0x6c D:\Practice\FIC\SoftConsole\FIC_MSS_CM3\FIC_MSS_CM3_hw_platform\Release\libFIC_MSS_CM3_hw_platform.a(mss_uart.o)
 .text.MSS_UART_set_tx_handler
                0x00000000       0x78 D:\Practice\FIC\SoftConsole\FIC_MSS_CM3\FIC_MSS_CM3_hw_platform\Release\libFIC_MSS_CM3_hw_platform.a(mss_uart.o)
 .text.MSS_UART_set_modemstatus_handler
                0x00000000       0x6c D:\Practice\FIC\SoftConsole\FIC_MSS_CM3\FIC_MSS_CM3_hw_platform\Release\libFIC_MSS_CM3_hw_platform.a(mss_uart.o)
 .text.MSS_UART_fill_tx_fifo
                0x00000000       0x8c D:\Practice\FIC\SoftConsole\FIC_MSS_CM3\FIC_MSS_CM3_hw_platform\Release\libFIC_MSS_CM3_hw_platform.a(mss_uart.o)
 .text.MSS_UART_get_rx_status
                0x00000000       0x30 D:\Practice\FIC\SoftConsole\FIC_MSS_CM3\FIC_MSS_CM3_hw_platform\Release\libFIC_MSS_CM3_hw_platform.a(mss_uart.o)
 .text.MSS_UART_get_modem_status
                0x00000000       0x24 D:\Practice\FIC\SoftConsole\FIC_MSS_CM3\FIC_MSS_CM3_hw_platform\Release\libFIC_MSS_CM3_hw_platform.a(mss_uart.o)
 .text.MSS_UART_get_tx_status
                0x00000000       0x30 D:\Practice\FIC\SoftConsole\FIC_MSS_CM3\FIC_MSS_CM3_hw_platform\Release\libFIC_MSS_CM3_hw_platform.a(mss_uart.o)
 .text.MSS_UART_set_break
                0x00000000       0x38 D:\Practice\FIC\SoftConsole\FIC_MSS_CM3\FIC_MSS_CM3_hw_platform\Release\libFIC_MSS_CM3_hw_platform.a(mss_uart.o)
 .text.MSS_UART_clear_break
                0x00000000       0x38 D:\Practice\FIC\SoftConsole\FIC_MSS_CM3\FIC_MSS_CM3_hw_platform\Release\libFIC_MSS_CM3_hw_platform.a(mss_uart.o)
 .text.MSS_UART_set_pidpei_handler
                0x00000000       0x6c D:\Practice\FIC\SoftConsole\FIC_MSS_CM3\FIC_MSS_CM3_hw_platform\Release\libFIC_MSS_CM3_hw_platform.a(mss_uart.o)
 .text.MSS_UART_set_linbreak_handler
                0x00000000       0x6c D:\Practice\FIC\SoftConsole\FIC_MSS_CM3\FIC_MSS_CM3_hw_platform\Release\libFIC_MSS_CM3_hw_platform.a(mss_uart.o)
 .text.MSS_UART_set_linsync_handler
                0x00000000       0x6c D:\Practice\FIC\SoftConsole\FIC_MSS_CM3\FIC_MSS_CM3_hw_platform\Release\libFIC_MSS_CM3_hw_platform.a(mss_uart.o)
 .text.MSS_UART_set_nack_handler
                0x00000000       0x68 D:\Practice\FIC\SoftConsole\FIC_MSS_CM3\FIC_MSS_CM3_hw_platform\Release\libFIC_MSS_CM3_hw_platform.a(mss_uart.o)
 .text.MSS_UART_set_rx_timeout_handler
                0x00000000       0x68 D:\Practice\FIC\SoftConsole\FIC_MSS_CM3\FIC_MSS_CM3_hw_platform\Release\libFIC_MSS_CM3_hw_platform.a(mss_uart.o)
 .text.MSS_UART_enable_half_duplex
                0x00000000       0x38 D:\Practice\FIC\SoftConsole\FIC_MSS_CM3\FIC_MSS_CM3_hw_platform\Release\libFIC_MSS_CM3_hw_platform.a(mss_uart.o)
 .text.MSS_UART_disable_half_duplex
                0x00000000       0x38 D:\Practice\FIC\SoftConsole\FIC_MSS_CM3\FIC_MSS_CM3_hw_platform\Release\libFIC_MSS_CM3_hw_platform.a(mss_uart.o)
 .text.MSS_UART_set_rx_endian
                0x00000000       0x58 D:\Practice\FIC\SoftConsole\FIC_MSS_CM3\FIC_MSS_CM3_hw_platform\Release\libFIC_MSS_CM3_hw_platform.a(mss_uart.o)
 .text.MSS_UART_set_tx_endian
                0x00000000       0x5c D:\Practice\FIC\SoftConsole\FIC_MSS_CM3\FIC_MSS_CM3_hw_platform\Release\libFIC_MSS_CM3_hw_platform.a(mss_uart.o)
 .text.MSS_UART_set_filter_length
                0x00000000       0x28 D:\Practice\FIC\SoftConsole\FIC_MSS_CM3\FIC_MSS_CM3_hw_platform\Release\libFIC_MSS_CM3_hw_platform.a(mss_uart.o)
 .text.MSS_UART_enable_afm
                0x00000000       0x38 D:\Practice\FIC\SoftConsole\FIC_MSS_CM3\FIC_MSS_CM3_hw_platform\Release\libFIC_MSS_CM3_hw_platform.a(mss_uart.o)
 .text.MSS_UART_disable_afm
                0x00000000       0x38 D:\Practice\FIC\SoftConsole\FIC_MSS_CM3\FIC_MSS_CM3_hw_platform\Release\libFIC_MSS_CM3_hw_platform.a(mss_uart.o)
 .text.MSS_UART_enable_afclear
                0x00000000       0x38 D:\Practice\FIC\SoftConsole\FIC_MSS_CM3\FIC_MSS_CM3_hw_platform\Release\libFIC_MSS_CM3_hw_platform.a(mss_uart.o)
 .text.MSS_UART_disable_afclear
                0x00000000       0x38 D:\Practice\FIC\SoftConsole\FIC_MSS_CM3\FIC_MSS_CM3_hw_platform\Release\libFIC_MSS_CM3_hw_platform.a(mss_uart.o)
 .text.MSS_UART_enable_rx_timeout
                0x00000000       0x40 D:\Practice\FIC\SoftConsole\FIC_MSS_CM3\FIC_MSS_CM3_hw_platform\Release\libFIC_MSS_CM3_hw_platform.a(mss_uart.o)
 .text.MSS_UART_disable_rx_timeout
                0x00000000       0x38 D:\Practice\FIC\SoftConsole\FIC_MSS_CM3\FIC_MSS_CM3_hw_platform\Release\libFIC_MSS_CM3_hw_platform.a(mss_uart.o)
 .text.MSS_UART_enable_tx_time_guard
                0x00000000       0x40 D:\Practice\FIC\SoftConsole\FIC_MSS_CM3\FIC_MSS_CM3_hw_platform\Release\libFIC_MSS_CM3_hw_platform.a(mss_uart.o)
 .text.MSS_UART_disable_tx_time_guard
                0x00000000       0x38 D:\Practice\FIC\SoftConsole\FIC_MSS_CM3\FIC_MSS_CM3_hw_platform\Release\libFIC_MSS_CM3_hw_platform.a(mss_uart.o)
 .text.MSS_UART_set_address
                0x00000000       0x24 D:\Practice\FIC\SoftConsole\FIC_MSS_CM3\FIC_MSS_CM3_hw_platform\Release\libFIC_MSS_CM3_hw_platform.a(mss_uart.o)
 .text.MSS_UART_set_ready_mode
                0x00000000       0x5c D:\Practice\FIC\SoftConsole\FIC_MSS_CM3\FIC_MSS_CM3_hw_platform\Release\libFIC_MSS_CM3_hw_platform.a(mss_uart.o)
 .text.MSS_UART_set_usart_mode
                0x00000000       0x38 D:\Practice\FIC\SoftConsole\FIC_MSS_CM3\FIC_MSS_CM3_hw_platform\Release\libFIC_MSS_CM3_hw_platform.a(mss_uart.o)
 .text.MSS_UART_smartcard_init
                0x00000000       0x6c D:\Practice\FIC\SoftConsole\FIC_MSS_CM3\FIC_MSS_CM3_hw_platform\Release\libFIC_MSS_CM3_hw_platform.a(mss_uart.o)
 .text.MSS_UART_irda_init
                0x00000000       0xf8 D:\Practice\FIC\SoftConsole\FIC_MSS_CM3\FIC_MSS_CM3_hw_platform\Release\libFIC_MSS_CM3_hw_platform.a(mss_uart.o)
 .text.MSS_UART_lin_init
                0x00000000       0x58 D:\Practice\FIC\SoftConsole\FIC_MSS_CM3\FIC_MSS_CM3_hw_platform\Release\libFIC_MSS_CM3_hw_platform.a(mss_uart.o)
 .text          0x00000000        0x0 D:\Practice\FIC\SoftConsole\FIC_MSS_CM3\FIC_MSS_CM3_hw_platform\Release\libFIC_MSS_CM3_hw_platform.a(system_m2sxxx.o)
 .data          0x00000000        0x0 D:\Practice\FIC\SoftConsole\FIC_MSS_CM3\FIC_MSS_CM3_hw_platform\Release\libFIC_MSS_CM3_hw_platform.a(system_m2sxxx.o)
 .bss           0x00000000        0x0 D:\Practice\FIC\SoftConsole\FIC_MSS_CM3\FIC_MSS_CM3_hw_platform\Release\libFIC_MSS_CM3_hw_platform.a(system_m2sxxx.o)
 .text          0x00000000        0x0 D:\Practice\FIC\SoftConsole\FIC_MSS_CM3\FIC_MSS_CM3_hw_platform\Release\libFIC_MSS_CM3_hw_platform.a(sys_config.o)
 .data          0x00000000        0x0 D:\Practice\FIC\SoftConsole\FIC_MSS_CM3\FIC_MSS_CM3_hw_platform\Release\libFIC_MSS_CM3_hw_platform.a(sys_config.o)
 .bss           0x00000000        0x0 D:\Practice\FIC\SoftConsole\FIC_MSS_CM3\FIC_MSS_CM3_hw_platform\Release\libFIC_MSS_CM3_hw_platform.a(sys_config.o)
 .text          0x00000000        0xc d:/microsemi/softconsole v3.4/sourcery-g++/bin/../lib/gcc/arm-none-eabi/4.4.1/../../../../arm-none-eabi/lib/thumb2\libc.a(lib_a-errno.o)
 .data          0x00000000        0x0 d:/microsemi/softconsole v3.4/sourcery-g++/bin/../lib/gcc/arm-none-eabi/4.4.1/../../../../arm-none-eabi/lib/thumb2\libc.a(lib_a-errno.o)
 .bss           0x00000000        0x0 d:/microsemi/softconsole v3.4/sourcery-g++/bin/../lib/gcc/arm-none-eabi/4.4.1/../../../../arm-none-eabi/lib/thumb2\libc.a(lib_a-errno.o)
 .text          0x00000000        0x0 d:/microsemi/softconsole v3.4/sourcery-g++/bin/../lib/gcc/arm-none-eabi/4.4.1/../../../../arm-none-eabi/lib/thumb2\libc.a(lib_a-impure.o)
 .data          0x00000000       0xf4 d:/microsemi/softconsole v3.4/sourcery-g++/bin/../lib/gcc/arm-none-eabi/4.4.1/../../../../arm-none-eabi/lib/thumb2\libc.a(lib_a-impure.o)
 .bss           0x00000000        0x0 d:/microsemi/softconsole v3.4/sourcery-g++/bin/../lib/gcc/arm-none-eabi/4.4.1/../../../../arm-none-eabi/lib/thumb2\libc.a(lib_a-impure.o)
 .rodata        0x00000000        0x4 d:/microsemi/softconsole v3.4/sourcery-g++/bin/../lib/gcc/arm-none-eabi/4.4.1/../../../../arm-none-eabi/lib/thumb2\libc.a(lib_a-impure.o)
 .rodata.str1.4
                0x00000000        0x4 d:/microsemi/softconsole v3.4/sourcery-g++/bin/../lib/gcc/arm-none-eabi/4.4.1/../../../../arm-none-eabi/lib/thumb2\libc.a(lib_a-impure.o)
 .data          0x00000000        0x0 d:/microsemi/softconsole v3.4/sourcery-g++/bin/../lib/gcc/arm-none-eabi/4.4.1/../../../../arm-none-eabi/lib/thumb2\libc.a(lib_a-init.o)
 .bss           0x00000000        0x0 d:/microsemi/softconsole v3.4/sourcery-g++/bin/../lib/gcc/arm-none-eabi/4.4.1/../../../../arm-none-eabi/lib/thumb2\libc.a(lib_a-init.o)
 .text          0x00000000        0x0 d:/microsemi/softconsole v3.4/sourcery-g++/bin/../lib/gcc/arm-none-eabi/4.4.1/thumb2/crtend.o
 .data          0x00000000        0x0 d:/microsemi/softconsole v3.4/sourcery-g++/bin/../lib/gcc/arm-none-eabi/4.4.1/thumb2/crtend.o
 .bss           0x00000000        0x0 d:/microsemi/softconsole v3.4/sourcery-g++/bin/../lib/gcc/arm-none-eabi/4.4.1/thumb2/crtend.o
 .text          0x00000000        0x0 d:/microsemi/softconsole v3.4/sourcery-g++/bin/../lib/gcc/arm-none-eabi/4.4.1/thumb2/crtn.o
 .data          0x00000000        0x0 d:/microsemi/softconsole v3.4/sourcery-g++/bin/../lib/gcc/arm-none-eabi/4.4.1/thumb2/crtn.o
 .bss           0x00000000        0x0 d:/microsemi/softconsole v3.4/sourcery-g++/bin/../lib/gcc/arm-none-eabi/4.4.1/thumb2/crtn.o

Memory Configuration

Name             Origin             Length             Attributes
rom              0x00000000         0x00040000         xr
ram              0x20000000         0x00010000         xrw
*default*        0x00000000         0xffffffff

Linker script and memory map

LOAD d:/microsemi/softconsole v3.4/sourcery-g++/bin/../lib/gcc/arm-none-eabi/4.4.1/thumb2/crti.o
LOAD d:/microsemi/softconsole v3.4/sourcery-g++/bin/../lib/gcc/arm-none-eabi/4.4.1/thumb2/crtbegin.o
LOAD ./main.o
LOAD D:/Practice/FIC/SoftConsole/FIC_MSS_CM3/FIC_MSS_CM3_hw_platform/Release/CMSIS/startup_gcc/startup_m2sxxx.o
LOAD D:/Practice/FIC/SoftConsole/FIC_MSS_CM3/FIC_MSS_CM3_hw_platform/Release/CMSIS/startup_gcc/newlib_stubs.o
LOAD D:\Practice\FIC\SoftConsole\FIC_MSS_CM3\FIC_MSS_CM3_hw_platform\Release\libFIC_MSS_CM3_hw_platform.a
START GROUP
LOAD d:/microsemi/softconsole v3.4/sourcery-g++/bin/../lib/gcc/arm-none-eabi/4.4.1/thumb2\libgcc.a
LOAD d:/microsemi/softconsole v3.4/sourcery-g++/bin/../lib/gcc/arm-none-eabi/4.4.1/../../../../arm-none-eabi/lib/thumb2\libc.a
LOAD d:/microsemi/softconsole v3.4/sourcery-g++/bin/../lib/gcc/arm-none-eabi/4.4.1/thumb2\libgcc.a
END GROUP
LOAD d:/microsemi/softconsole v3.4/sourcery-g++/bin/../lib/gcc/arm-none-eabi/4.4.1/thumb2/crtend.o
LOAD d:/microsemi/softconsole v3.4/sourcery-g++/bin/../lib/gcc/arm-none-eabi/4.4.1/thumb2/crtn.o
START GROUP
LOAD d:/microsemi/softconsole v3.4/sourcery-g++/bin/../lib/gcc/arm-none-eabi/4.4.1/../../../../arm-none-eabi/lib/thumb2\libc.a
LOAD d:/microsemi/softconsole v3.4/sourcery-g++/bin/../lib/gcc/arm-none-eabi/4.4.1/thumb2\libgcc.a
LOAD d:/microsemi/softconsole v3.4/sourcery-g++/bin/../lib/gcc/arm-none-eabi/4.4.1/../../../../arm-none-eabi/lib/thumb2\libm.a
END GROUP
                0x00000000                __DYNAMIC = 0x0
                0x20000000                RAM_START_ADDRESS = 0x20000000
                0x00010000                RAM_SIZE = 0x10000
                0x00002000                MAIN_STACK_SIZE = 0x2000
                0x00001000                PROCESS_STACK_SIZE = 0x1000
                0x20010000                PROVIDE (__main_stack_start, (RAM_START_ADDRESS + RAM_SIZE))
                0x2000e000                PROVIDE (__process_stack_start, (__main_stack_start - MAIN_STACK_SIZE))
                0x20010000                PROVIDE (_estack, __main_stack_start)
                0x00000000                PROVIDE (__mirrored_nvm, 0x0)
                0x00000000                PROVIDE (__smartfusion2_memory_remap, 0x0)

.vector_table   0x00000000      0x190
                0x00000000                __vector_table_load = LOADADDR (.vector_table)
                0x00000000                __vector_table_start = .
                0x00000000                __vector_table_vma_base_address = .
 *(.isr_vector)
 .isr_vector    0x00000000      0x190 D:/Practice/FIC/SoftConsole/FIC_MSS_CM3/FIC_MSS_CM3_hw_platform/Release/CMSIS/startup_gcc/startup_m2sxxx.o
                0x00000000                g_pfnVectors
                0x00000190                . = ALIGN (0x10)
                0x00000190                _evector_table = .

.boot_code      0x00000190      0x280
 .boot_code     0x00000190      0x280 D:/Practice/FIC/SoftConsole/FIC_MSS_CM3/FIC_MSS_CM3_hw_platform/Release/CMSIS/startup_gcc/startup_m2sxxx.o
                0x00000190                Reset_Handler
                0x000002da                NMI_Handler
                0x000002dc                HardFault_Handler
                0x000002de                MemManage_Handler
                0x000002e0                BusFault_Handler
                0x000002e2                UsageFault_Handler
                0x000002e4                SVC_Handler
                0x000002e6                DebugMon_Handler
                0x000002e8                PendSV_Handler
                0x000002ea                SysTick_Handler
                0x000002ec                WdogWakeup_IRQHandler
                0x000002ee                RTC_Wakeup_IRQHandler
                0x000002f0                SPI0_IRQHandler
                0x000002f2                SPI1_IRQHandler
                0x000002f4                I2C0_IRQHandler
                0x000002f6                I2C0_SMBAlert_IRQHandler
                0x000002f8                I2C0_SMBus_IRQHandler
                0x000002fa                I2C1_IRQHandler
                0x000002fc                I2C1_SMBAlert_IRQHandler
                0x000002fe                I2C1_SMBus_IRQHandler
                0x00000304                EthernetMAC_IRQHandler
                0x00000306                DMA_IRQHandler
                0x00000308                Timer1_IRQHandler
                0x0000030a                Timer2_IRQHandler
                0x0000030c                CAN_IRQHandler
                0x0000030e                ENVM0_IRQHandler
                0x00000310                ENVM1_IRQHandler
                0x00000312                ComBlk_IRQHandler
                0x00000314                USB_IRQHandler
                0x00000316                USB_DMA_IRQHandler
                0x00000318                PLL_Lock_IRQHandler
                0x0000031a                PLL_LockLost_IRQHandler
                0x0000031c                CommSwitchError_IRQHandler
                0x0000031e                CacheError_IRQHandler
                0x00000320                DDR_IRQHandler
                0x00000322                HPDMA_Complete_IRQHandler
                0x00000324                HPDMA_Error_IRQHandler
                0x00000326                ECC_Error_IRQHandler
                0x00000328                MDDR_IOCalib_IRQHandler
                0x0000032a                FAB_PLL_Lock_IRQHandler
                0x0000032c                FAB_PLL_LockLost_IRQHandler
                0x0000032e                FIC64_IRQHandler
                0x00000330                FabricIrq0_IRQHandler
                0x00000332                FabricIrq1_IRQHandler
                0x00000334                FabricIrq2_IRQHandler
                0x00000336                FabricIrq3_IRQHandler
                0x00000338                FabricIrq4_IRQHandler
                0x0000033a                FabricIrq5_IRQHandler
                0x0000033c                FabricIrq6_IRQHandler
                0x0000033e                FabricIrq7_IRQHandler
                0x00000340                FabricIrq8_IRQHandler
                0x00000342                FabricIrq9_IRQHandler
                0x00000344                FabricIrq10_IRQHandler
                0x00000346                FabricIrq11_IRQHandler
                0x00000348                FabricIrq12_IRQHandler
                0x0000034a                FabricIrq13_IRQHandler
                0x0000034c                FabricIrq14_IRQHandler
                0x0000034e                FabricIrq15_IRQHandler
                0x00000350                GPIO0_IRQHandler
                0x00000352                GPIO1_IRQHandler
                0x00000354                GPIO2_IRQHandler
                0x00000356                GPIO3_IRQHandler
                0x00000358                GPIO4_IRQHandler
                0x0000035a                GPIO5_IRQHandler
                0x0000035c                GPIO6_IRQHandler
                0x0000035e                GPIO7_IRQHandler
                0x00000360                GPIO8_IRQHandler
                0x00000362                GPIO9_IRQHandler
                0x00000364                GPIO10_IRQHandler
                0x00000366                GPIO11_IRQHandler
                0x00000368                GPIO12_IRQHandler
                0x0000036a                GPIO13_IRQHandler
                0x0000036c                GPIO14_IRQHandler
                0x0000036e                GPIO15_IRQHandler
                0x00000370                GPIO16_IRQHandler
                0x00000372                GPIO17_IRQHandler
                0x00000374                GPIO18_IRQHandler
                0x00000376                GPIO19_IRQHandler
                0x00000378                GPIO20_IRQHandler
                0x0000037a                GPIO21_IRQHandler
                0x0000037c                GPIO22_IRQHandler
                0x0000037e                GPIO23_IRQHandler
                0x00000380                GPIO24_IRQHandler
                0x00000382                GPIO25_IRQHandler
                0x00000384                GPIO26_IRQHandler
                0x00000386                GPIO27_IRQHandler
                0x00000388                GPIO28_IRQHandler
                0x0000038a                GPIO29_IRQHandler
                0x0000038c                GPIO30_IRQHandler
                0x0000038e                GPIO31_IRQHandler
                0x00000390                mscc_post_hw_cfg_init

.text           0x00000410      0xbc0
 CREATE_OBJECT_SYMBOLS
                0x00000410                __text_load = LOADADDR (.text)
                0x00000410                __text_start = .
 *(.text .text.* .gnu.linkonce.t.*)
 .text          0x00000410       0x30 d:/microsemi/softconsole v3.4/sourcery-g++/bin/../lib/gcc/arm-none-eabi/4.4.1/thumb2/crtbegin.o
 .text.main     0x00000440       0x7c ./main.o
                0x00000440                main
 .text.MSS_UART_polled_tx
                0x000004bc       0xac D:\Practice\FIC\SoftConsole\FIC_MSS_CM3\FIC_MSS_CM3_hw_platform\Release\libFIC_MSS_CM3_hw_platform.a(mss_uart.o)
                0x000004bc                MSS_UART_polled_tx
 .text.MSS_UART_isr
                0x00000568      0x15c D:\Practice\FIC\SoftConsole\FIC_MSS_CM3\FIC_MSS_CM3_hw_platform\Release\libFIC_MSS_CM3_hw_platform.a(mss_uart.o)
 .text.UART1_IRQHandler
                0x000006c4       0x20 D:\Practice\FIC\SoftConsole\FIC_MSS_CM3\FIC_MSS_CM3_hw_platform\Release\libFIC_MSS_CM3_hw_platform.a(mss_uart.o)
                0x000006c4                UART1_IRQHandler
 .text.UART0_IRQHandler
                0x000006e4       0x20 D:\Practice\FIC\SoftConsole\FIC_MSS_CM3\FIC_MSS_CM3_hw_platform\Release\libFIC_MSS_CM3_hw_platform.a(mss_uart.o)
                0x000006e4                UART0_IRQHandler
 .text.default_tx_handler
                0x00000704       0xc0 D:\Practice\FIC\SoftConsole\FIC_MSS_CM3\FIC_MSS_CM3_hw_platform\Release\libFIC_MSS_CM3_hw_platform.a(mss_uart.o)
 .text.global_init
                0x000007c4      0x2fc D:\Practice\FIC\SoftConsole\FIC_MSS_CM3\FIC_MSS_CM3_hw_platform\Release\libFIC_MSS_CM3_hw_platform.a(mss_uart.o)
 .text.MSS_UART_init
                0x00000ac0       0x60 D:\Practice\FIC\SoftConsole\FIC_MSS_CM3\FIC_MSS_CM3_hw_platform\Release\libFIC_MSS_CM3_hw_platform.a(mss_uart.o)
                0x00000ac0                MSS_UART_init
 .text.SystemCoreClockUpdate
                0x00000b20      0x1b8 D:\Practice\FIC\SoftConsole\FIC_MSS_CM3\FIC_MSS_CM3_hw_platform\Release\libFIC_MSS_CM3_hw_platform.a(system_m2sxxx.o)
                0x00000b20                SystemCoreClockUpdate
 .text.SystemInit
                0x00000cd8      0x14c D:\Practice\FIC\SoftConsole\FIC_MSS_CM3\FIC_MSS_CM3_hw_platform\Release\libFIC_MSS_CM3_hw_platform.a(system_m2sxxx.o)
                0x00000cd8                SystemInit
 .text          0x00000e24       0x50 d:/microsemi/softconsole v3.4/sourcery-g++/bin/../lib/gcc/arm-none-eabi/4.4.1/../../../../arm-none-eabi/lib/thumb2\libc.a(lib_a-init.o)
                0x00000e24                __libc_init_array
 *(.plt)
 *(.gnu.warning)
 *(.glue_7t)
 .glue_7t       0x00000000        0x0 linker stubs
 *(.glue_7)
 .glue_7        0x00000000        0x0 linker stubs
 *(.vfp11_veneer)
 .vfp11_veneer  0x00000000        0x0 linker stubs
                0x00000e74                . = ALIGN (0x4)
 *crtbegin.o(.ctors)
 *(EXCLUDE_FILE(*crtend.o) .ctors)
 *(SORT(.ctors.*))
 *crtend.o(.ctors)
 *crtbegin.o(.dtors)
 *(EXCLUDE_FILE(*crtend.o) .dtors)
 *(SORT(.dtors.*))
 *crtend.o(.dtors)
 *(.rodata .rodata.* .gnu.linkonce.r.*)
 .rodata        0x00000e74       0x18 ./main.o
 .rodata.C.17.3534
                0x00000e8c        0x8 D:\Practice\FIC\SoftConsole\FIC_MSS_CM3\FIC_MSS_CM3_hw_platform\Release\libFIC_MSS_CM3_hw_platform.a(system_m2sxxx.o)
 .rodata.g_m2s_mddr_subsys_config
                0x00000e94      0x10c D:\Practice\FIC\SoftConsole\FIC_MSS_CM3\FIC_MSS_CM3_hw_platform\Release\libFIC_MSS_CM3_hw_platform.a(sys_config.o)
                0x00000e94                g_m2s_mddr_subsys_config
 .rodata.g_m2s_mddr_addr
                0x00000fa0        0x4 D:\Practice\FIC\SoftConsole\FIC_MSS_CM3\FIC_MSS_CM3_hw_platform\Release\libFIC_MSS_CM3_hw_platform.a(sys_config.o)
                0x00000fa0                g_m2s_mddr_addr
 *(.ARM.extab* .gnu.linkonce.armextab.*)
 *(.gcc_except_table)
 *(.eh_frame_hdr)
 *(.eh_frame)
 *(.vector_table)
 *(.init)
 .init          0x00000fa4        0x4 d:/microsemi/softconsole v3.4/sourcery-g++/bin/../lib/gcc/arm-none-eabi/4.4.1/thumb2/crti.o
                0x00000fa4                _init
 .init          0x00000fa8        0x8 d:/microsemi/softconsole v3.4/sourcery-g++/bin/../lib/gcc/arm-none-eabi/4.4.1/thumb2/crtn.o
 *(.fini)
 .fini          0x00000fb0        0x4 d:/microsemi/softconsole v3.4/sourcery-g++/bin/../lib/gcc/arm-none-eabi/4.4.1/thumb2/crti.o
                0x00000fb0                _fini
 .fini          0x00000fb4        0x8 d:/microsemi/softconsole v3.4/sourcery-g++/bin/../lib/gcc/arm-none-eabi/4.4.1/thumb2/crtn.o
                0x00000fbc                PROVIDE (__preinit_array_start, .)
 *(.preinit_array)
                0x00000fbc                PROVIDE (__preinit_array_end, .)
                0x00000fbc                PROVIDE (__init_array_start, .)
 *(SORT(.init_array.*))
 *(.init_array)
 .init_array    0x00000fbc        0x4 d:/microsemi/softconsole v3.4/sourcery-g++/bin/../lib/gcc/arm-none-eabi/4.4.1/thumb2/crtbegin.o
                0x00000fc0                PROVIDE (__init_array_end, .)
                0x00000fc0                PROVIDE (__fini_array_start, .)
 *(.fini_array)
 .fini_array    0x00000fc0        0x4 d:/microsemi/softconsole v3.4/sourcery-g++/bin/../lib/gcc/arm-none-eabi/4.4.1/thumb2/crtbegin.o
 *(SORT(.fini_array.*))
                0x00000fc4                PROVIDE (__fini_array_end, .)
                0x00000fd0                . = ALIGN (0x10)
 *fill*         0x00000fc4        0xc 00
                0x00000fd0                __exidx_start = .

.v4_bx          0x00000fd0        0x0
 .v4_bx         0x00000000        0x0 linker stubs

.ARM.exidx
 *(.ARM.exidx* .gnu.linkonce.armexidx.*)
                0x00000fd0                __exidx_end = .
                0x00000fd0                _etext = .

.data           0x20000000       0x20 load address 0x00000fd0
                0x00000fd0                __data_load = LOADADDR (.data)
                0x00000fd0                _sidata = LOADADDR (.data)
                0x20000000                __data_start = .
                0x20000000                _sdata = .
 *(.jcr)
 .jcr           0x20000000        0x0 d:/microsemi/softconsole v3.4/sourcery-g++/bin/../lib/gcc/arm-none-eabi/4.4.1/thumb2/crtbegin.o
 .jcr           0x20000000        0x4 d:/microsemi/softconsole v3.4/sourcery-g++/bin/../lib/gcc/arm-none-eabi/4.4.1/thumb2/crtend.o
 *(.got.plt)
 *(.got)
 *(.shdata)
 *(.data .data.* .gnu.linkonce.d.*)
 .data.g_FrequencyFIC64
                0x20000004        0x4 D:\Practice\FIC\SoftConsole\FIC_MSS_CM3\FIC_MSS_CM3_hw_platform\Release\libFIC_MSS_CM3_hw_platform.a(system_m2sxxx.o)
                0x20000004                g_FrequencyFIC64
 .data.g_FrequencyPCLK2
                0x20000008        0x4 D:\Practice\FIC\SoftConsole\FIC_MSS_CM3\FIC_MSS_CM3_hw_platform\Release\libFIC_MSS_CM3_hw_platform.a(system_m2sxxx.o)
                0x20000008                g_FrequencyPCLK2
 .data.g_FrequencyFIC0
                0x2000000c        0x4 D:\Practice\FIC\SoftConsole\FIC_MSS_CM3\FIC_MSS_CM3_hw_platform\Release\libFIC_MSS_CM3_hw_platform.a(system_m2sxxx.o)
                0x2000000c                g_FrequencyFIC0
 .data.g_FrequencyFIC1
                0x20000010        0x4 D:\Practice\FIC\SoftConsole\FIC_MSS_CM3\FIC_MSS_CM3_hw_platform\Release\libFIC_MSS_CM3_hw_platform.a(system_m2sxxx.o)
                0x20000010                g_FrequencyFIC1
 .data.g_FrequencyPCLK0
                0x20000014        0x4 D:\Practice\FIC\SoftConsole\FIC_MSS_CM3\FIC_MSS_CM3_hw_platform\Release\libFIC_MSS_CM3_hw_platform.a(system_m2sxxx.o)
                0x20000014                g_FrequencyPCLK0
 .data.g_FrequencyPCLK1
                0x20000018        0x4 D:\Practice\FIC\SoftConsole\FIC_MSS_CM3\FIC_MSS_CM3_hw_platform\Release\libFIC_MSS_CM3_hw_platform.a(system_m2sxxx.o)
                0x20000018                g_FrequencyPCLK1
 .data.SystemCoreClock
                0x2000001c        0x4 D:\Practice\FIC\SoftConsole\FIC_MSS_CM3\FIC_MSS_CM3_hw_platform\Release\libFIC_MSS_CM3_hw_platform.a(system_m2sxxx.o)
                0x2000001c                SystemCoreClock
                0x20000020                . = ALIGN (0x10)
                0x20000020                _edata = .

.bss            0x20000020       0x90 load address 0x00000ff0
                0x20000020                __bss_start__ = .
                0x20000020                _sbss = .
 *(.shbss)
 *(.bss .bss.* .gnu.linkonce.b.*)
 .bss           0x20000020        0x1 d:/microsemi/softconsole v3.4/sourcery-g++/bin/../lib/gcc/arm-none-eabi/4.4.1/thumb2/crtbegin.o
 *(COMMON)
 *fill*         0x20000021        0x3 00
 COMMON         0x20000024       0x80 D:\Practice\FIC\SoftConsole\FIC_MSS_CM3\FIC_MSS_CM3_hw_platform\Release\libFIC_MSS_CM3_hw_platform.a(mss_uart.o)
                0x20000024                g_mss_uart1
                0x20000064                g_mss_uart0
                0x200000b0                . = ALIGN (0x10)
 *fill*         0x200000a4        0xc 00
                0x200000b0                __bss_end__ = .
                0x200000b0                _end = .
                0x200000b0                __end = _end
                0x200000b0                _ebss = .
                0x200000b0                PROVIDE (end, .)

.heap           0x200000b0     0xcf50 load address 0x00000ff0
                0x200000b0                __heap_start__ = .
                0x2000d000                . = (. + ((((RAM_START_ADDRESS + RAM_SIZE) - PROCESS_STACK_SIZE) - MAIN_STACK_SIZE) - _end))
 *fill*         0x200000b0     0xcf50 00
                0x2000d000                . = ALIGN (0x10)
                0x2000d000                _eheap = .

.stack          0x2000d000     0x3000 load address 0x00000ff0
                0x2000d000                . = ALIGN (0x4)
                0x2000d000                __stack_start__ = .
                0x2000e000                . = (. + PROCESS_STACK_SIZE)
 *fill*         0x2000d000     0x1000 00
                0x2000e000                . = ALIGN (0x4)
                0x20010000                . = (. + MAIN_STACK_SIZE)
 *fill*         0x2000e000     0x2000 00
                0x20010000                . = ALIGN (0x10)
                0x20010000                _estack = .

.stab
 *(.stab)

.stabstr
 *(.stabstr)

.debug
 *(.debug)

.line
 *(.line)

.debug_srcinfo
 *(.debug_srcinfo)

.debug_sfnames
 *(.debug_sfnames)

.comment        0x00000000       0xd7
 .comment       0x00000000       0x2b ./main.o
 .comment       0x0000002b       0x2b D:/Practice/FIC/SoftConsole/FIC_MSS_CM3/FIC_MSS_CM3_hw_platform/Release/CMSIS/startup_gcc/newlib_stubs.o
 .comment       0x00000056       0x2b D:\Practice\FIC\SoftConsole\FIC_MSS_CM3\FIC_MSS_CM3_hw_platform\Release\libFIC_MSS_CM3_hw_platform.a(mss_uart.o)
 .comment       0x00000081       0x2b D:\Practice\FIC\SoftConsole\FIC_MSS_CM3\FIC_MSS_CM3_hw_platform\Release\libFIC_MSS_CM3_hw_platform.a(system_m2sxxx.o)
 .comment       0x000000ac       0x2b D:\Practice\FIC\SoftConsole\FIC_MSS_CM3\FIC_MSS_CM3_hw_platform\Release\libFIC_MSS_CM3_hw_platform.a(sys_config.o)

.debug_aranges  0x00000000      0x268
 *(.debug_aranges)
 .debug_aranges
                0x00000000       0xa8 D:/Practice/FIC/SoftConsole/FIC_MSS_CM3/FIC_MSS_CM3_hw_platform/Release/CMSIS/startup_gcc/newlib_stubs.o
 .debug_aranges
                0x000000a8      0x198 D:\Practice\FIC\SoftConsole\FIC_MSS_CM3\FIC_MSS_CM3_hw_platform\Release\libFIC_MSS_CM3_hw_platform.a(mss_uart.o)
 .debug_aranges
                0x00000240       0x28 D:\Practice\FIC\SoftConsole\FIC_MSS_CM3\FIC_MSS_CM3_hw_platform\Release\libFIC_MSS_CM3_hw_platform.a(system_m2sxxx.o)

.debug_pubnames
                0x00000000      0x708
 *(.debug_pubnames)
 .debug_pubnames
                0x00000000       0xeb D:/Practice/FIC/SoftConsole/FIC_MSS_CM3/FIC_MSS_CM3_hw_platform/Release/CMSIS/startup_gcc/newlib_stubs.o
 .debug_pubnames
                0x000000eb      0x50f D:\Practice\FIC\SoftConsole\FIC_MSS_CM3\FIC_MSS_CM3_hw_platform\Release\libFIC_MSS_CM3_hw_platform.a(mss_uart.o)
 .debug_pubnames
                0x000005fa       0xcb D:\Practice\FIC\SoftConsole\FIC_MSS_CM3\FIC_MSS_CM3_hw_platform\Release\libFIC_MSS_CM3_hw_platform.a(system_m2sxxx.o)
 .debug_pubnames
                0x000006c5       0x43 D:\Practice\FIC\SoftConsole\FIC_MSS_CM3\FIC_MSS_CM3_hw_platform\Release\libFIC_MSS_CM3_hw_platform.a(sys_config.o)

.debug_info     0x00000000     0x6448
 *(.debug_info .gnu.linkonce.wi.*)
 .debug_info    0x00000000      0x702 D:/Practice/FIC/SoftConsole/FIC_MSS_CM3/FIC_MSS_CM3_hw_platform/Release/CMSIS/startup_gcc/newlib_stubs.o
 .debug_info    0x00000702     0x29c7 D:\Practice\FIC\SoftConsole\FIC_MSS_CM3\FIC_MSS_CM3_hw_platform\Release\libFIC_MSS_CM3_hw_platform.a(mss_uart.o)
 .debug_info    0x000030c9     0x2057 D:\Practice\FIC\SoftConsole\FIC_MSS_CM3\FIC_MSS_CM3_hw_platform\Release\libFIC_MSS_CM3_hw_platform.a(system_m2sxxx.o)
 .debug_info    0x00005120     0x1328 D:\Practice\FIC\SoftConsole\FIC_MSS_CM3\FIC_MSS_CM3_hw_platform\Release\libFIC_MSS_CM3_hw_platform.a(sys_config.o)

.debug_abbrev   0x00000000      0x92d
 *(.debug_abbrev)
 .debug_abbrev  0x00000000      0x24c D:/Practice/FIC/SoftConsole/FIC_MSS_CM3/FIC_MSS_CM3_hw_platform/Release/CMSIS/startup_gcc/newlib_stubs.o
 .debug_abbrev  0x0000024c      0x39f D:\Practice\FIC\SoftConsole\FIC_MSS_CM3\FIC_MSS_CM3_hw_platform\Release\libFIC_MSS_CM3_hw_platform.a(mss_uart.o)
 .debug_abbrev  0x000005eb      0x23a D:\Practice\FIC\SoftConsole\FIC_MSS_CM3\FIC_MSS_CM3_hw_platform\Release\libFIC_MSS_CM3_hw_platform.a(system_m2sxxx.o)
 .debug_abbrev  0x00000825      0x108 D:\Practice\FIC\SoftConsole\FIC_MSS_CM3\FIC_MSS_CM3_hw_platform\Release\libFIC_MSS_CM3_hw_platform.a(sys_config.o)

.debug_line     0x00000000     0x12de
 *(.debug_line)
 .debug_line    0x00000000      0x23b D:/Practice/FIC/SoftConsole/FIC_MSS_CM3/FIC_MSS_CM3_hw_platform/Release/CMSIS/startup_gcc/newlib_stubs.o
 .debug_line    0x0000023b      0xd93 D:\Practice\FIC\SoftConsole\FIC_MSS_CM3\FIC_MSS_CM3_hw_platform\Release\libFIC_MSS_CM3_hw_platform.a(mss_uart.o)
 .debug_line    0x00000fce      0x1ef D:\Practice\FIC\SoftConsole\FIC_MSS_CM3\FIC_MSS_CM3_hw_platform\Release\libFIC_MSS_CM3_hw_platform.a(system_m2sxxx.o)
 .debug_line    0x000011bd      0x121 D:\Practice\FIC\SoftConsole\FIC_MSS_CM3\FIC_MSS_CM3_hw_platform\Release\libFIC_MSS_CM3_hw_platform.a(sys_config.o)

.debug_frame    0x00000000      0x65c
 *(.debug_frame)
 .debug_frame   0x00000000      0x160 D:/Practice/FIC/SoftConsole/FIC_MSS_CM3/FIC_MSS_CM3_hw_platform/Release/CMSIS/startup_gcc/newlib_stubs.o
 .debug_frame   0x00000160      0x458 D:\Practice\FIC\SoftConsole\FIC_MSS_CM3\FIC_MSS_CM3_hw_platform\Release\libFIC_MSS_CM3_hw_platform.a(mss_uart.o)
 .debug_frame   0x000005b8       0x58 D:\Practice\FIC\SoftConsole\FIC_MSS_CM3\FIC_MSS_CM3_hw_platform\Release\libFIC_MSS_CM3_hw_platform.a(system_m2sxxx.o)
 .debug_frame   0x00000610       0x20 d:/microsemi/softconsole v3.4/sourcery-g++/bin/../lib/gcc/arm-none-eabi/4.4.1/../../../../arm-none-eabi/lib/thumb2\libc.a(lib_a-errno.o)
 .debug_frame   0x00000630       0x2c d:/microsemi/softconsole v3.4/sourcery-g++/bin/../lib/gcc/arm-none-eabi/4.4.1/../../../../arm-none-eabi/lib/thumb2\libc.a(lib_a-init.o)

.debug_str      0x00000000     0x2c04
 *(.debug_str)
 .debug_str     0x00000000      0x2a4 D:/Practice/FIC/SoftConsole/FIC_MSS_CM3/FIC_MSS_CM3_hw_platform/Release/CMSIS/startup_gcc/newlib_stubs.o
                                0x31b (size before relaxing)
 .debug_str     0x000002a4     0x17cb D:\Practice\FIC\SoftConsole\FIC_MSS_CM3\FIC_MSS_CM3_hw_platform\Release\libFIC_MSS_CM3_hw_platform.a(mss_uart.o)
                               0x1981 (size before relaxing)
 .debug_str     0x00001a6f     0x116b D:\Practice\FIC\SoftConsole\FIC_MSS_CM3\FIC_MSS_CM3_hw_platform\Release\libFIC_MSS_CM3_hw_platform.a(system_m2sxxx.o)
                               0x19d0 (size before relaxing)
 .debug_str     0x00002bda       0x2a D:\Practice\FIC\SoftConsole\FIC_MSS_CM3\FIC_MSS_CM3_hw_platform\Release\libFIC_MSS_CM3_hw_platform.a(sys_config.o)
                               0x1047 (size before relaxing)

.debug_loc      0x00000000      0xf5a
 *(.debug_loc)
 .debug_loc     0x00000000      0x257 D:/Practice/FIC/SoftConsole/FIC_MSS_CM3/FIC_MSS_CM3_hw_platform/Release/CMSIS/startup_gcc/newlib_stubs.o
 .debug_loc     0x00000257      0xc75 D:\Practice\FIC\SoftConsole\FIC_MSS_CM3\FIC_MSS_CM3_hw_platform\Release\libFIC_MSS_CM3_hw_platform.a(mss_uart.o)
 .debug_loc     0x00000ecc       0x8e D:\Practice\FIC\SoftConsole\FIC_MSS_CM3\FIC_MSS_CM3_hw_platform\Release\libFIC_MSS_CM3_hw_platform.a(system_m2sxxx.o)

.debug_macinfo
 *(.debug_macinfo)

.debug_weaknames
 *(.debug_weaknames)

.debug_funcnames
 *(.debug_funcnames)

.debug_typenames
 *(.debug_typenames)

.debug_varnames
 *(.debug_varnames)

.note.gnu.arm.ident
 *(.note.gnu.arm.ident)

.ARM.attributes
                0x00000000       0x25
 *(.ARM.attributes)
 .ARM.attributes
                0x00000000       0x19 d:/microsemi/softconsole v3.4/sourcery-g++/bin/../lib/gcc/arm-none-eabi/4.4.1/thumb2/crti.o
 .ARM.attributes
                0x00000019       0x29 d:/microsemi/softconsole v3.4/sourcery-g++/bin/../lib/gcc/arm-none-eabi/4.4.1/thumb2/crtbegin.o
 .ARM.attributes
                0x00000042       0x31 ./main.o
 .ARM.attributes
                0x00000073       0x21 D:/Practice/FIC/SoftConsole/FIC_MSS_CM3/FIC_MSS_CM3_hw_platform/Release/CMSIS/startup_gcc/startup_m2sxxx.o
 .ARM.attributes
                0x00000094       0x31 D:/Practice/FIC/SoftConsole/FIC_MSS_CM3/FIC_MSS_CM3_hw_platform/Release/CMSIS/startup_gcc/newlib_stubs.o
 .ARM.attributes
                0x000000c5       0x31 D:\Practice\FIC\SoftConsole\FIC_MSS_CM3\FIC_MSS_CM3_hw_platform\Release\libFIC_MSS_CM3_hw_platform.a(mss_uart.o)
 .ARM.attributes
                0x000000f6       0x31 D:\Practice\FIC\SoftConsole\FIC_MSS_CM3\FIC_MSS_CM3_hw_platform\Release\libFIC_MSS_CM3_hw_platform.a(system_m2sxxx.o)
 .ARM.attributes
                0x00000127       0x31 D:\Practice\FIC\SoftConsole\FIC_MSS_CM3\FIC_MSS_CM3_hw_platform\Release\libFIC_MSS_CM3_hw_platform.a(sys_config.o)
 .ARM.attributes
                0x00000158       0x29 d:/microsemi/softconsole v3.4/sourcery-g++/bin/../lib/gcc/arm-none-eabi/4.4.1/../../../../arm-none-eabi/lib/thumb2\libc.a(lib_a-errno.o)
 .ARM.attributes
                0x00000181       0x29 d:/microsemi/softconsole v3.4/sourcery-g++/bin/../lib/gcc/arm-none-eabi/4.4.1/../../../../arm-none-eabi/lib/thumb2\libc.a(lib_a-impure.o)
 .ARM.attributes
                0x000001aa       0x29 d:/microsemi/softconsole v3.4/sourcery-g++/bin/../lib/gcc/arm-none-eabi/4.4.1/../../../../arm-none-eabi/lib/thumb2\libc.a(lib_a-init.o)
 .ARM.attributes
                0x000001d3       0x29 d:/microsemi/softconsole v3.4/sourcery-g++/bin/../lib/gcc/arm-none-eabi/4.4.1/thumb2/crtend.o
 .ARM.attributes
                0x000001fc       0x19 d:/microsemi/softconsole v3.4/sourcery-g++/bin/../lib/gcc/arm-none-eabi/4.4.1/thumb2/crtn.o

/DISCARD/
 *(.note.GNU-stack)
OUTPUT(FIC_MSS_CM3_app elf32-littlearm)

.debug_ranges   0x00000000      0xde0
 .debug_ranges  0x00000000       0xa0 D:/Practice/FIC/SoftConsole/FIC_MSS_CM3/FIC_MSS_CM3_hw_platform/Release/CMSIS/startup_gcc/newlib_stubs.o
 .debug_ranges  0x000000a0      0xc08 D:\Practice\FIC\SoftConsole\FIC_MSS_CM3\FIC_MSS_CM3_hw_platform\Release\libFIC_MSS_CM3_hw_platform.a(mss_uart.o)
 .debug_ranges  0x00000ca8      0x138 D:\Practice\FIC\SoftConsole\FIC_MSS_CM3\FIC_MSS_CM3_hw_platform\Release\libFIC_MSS_CM3_hw_platform.a(system_m2sxxx.o)
