*****************************************************************
Pin Report - Date: Thu Sep 10 12:13:44 2015 Pinchecksum: NOT-AVAILABLE
Product: Designer
Release: v11.5 SP3
Version: 11.5.3.10
Design Name: FIC
Family: SmartFusion2
Die: M2S010
Package: 484 FBGA
*****************************************************************

Port            |Pin  |Fixed |Function                                   |Bank     |I/O Std   |Direction                      |I/O state in Flash*Freeze mode |Resistor Pull                      |I/O available in Flash*Freeze mode |Schmitt Trigger |Odt_Static    |Odt Imp (Ohm)  |Low Power Exit |Input Delay |Slew         |Pre-Emphasis      |Output Drive (mA) |Output Load (pF) |
----------------|-----|------|-------------------------------------------|---------|----------|-------------------------------|-------------------------------|-----------------------------------|-----------------------------------|----------------|--------------|---------------|---------------|------------|-------------|------------------|------------------|-----------------|
GPIO_IN[0]       H6    Yes    MSIO76PB7                                   Bank7     LVCMOS25   Input                           TRISTATE                        None                                No                                  Off              ---            ---             Off             Off          ---           ---                ---                ---               
GPIO_IN[1]       J6    Yes    MSIO76NB7                                   Bank7     LVCMOS25   Input                           TRISTATE                        None                                No                                  Off              ---            ---             Off             Off          ---           ---                ---                ---               
GPIO_IN[2]       K6    Yes    MSIO81PB7                                   Bank7     LVCMOS25   Input                           TRISTATE                        None                                No                                  Off              ---            ---             Off             Off          ---           ---                ---                ---               
GPIO_IN[3]       H7    Yes    MSIO75PB7                                   Bank7     LVCMOS25   Input                           TRISTATE                        None                                No                                  Off              ---            ---             Off             Off          ---           ---                ---                ---               
GPIO_IN[4]       K7    Yes    MSIO81NB7                                   Bank7     LVCMOS25   Input                           TRISTATE                        None                                No                                  Off              ---            ---             Off             Off          ---           ---                ---                ---               
GPIO_IN[5]       G7    Yes    MSIO75NB7                                   Bank7     LVCMOS25   Input                           TRISTATE                        None                                No                                  Off              ---            ---             Off             Off          ---           ---                ---                ---               
GPIO_IN[6]       K15   Yes    MSIO18NB2/SPI_0_SS2/GPIO_9_A/USB_DATA6_A    Bank2     LVCMOS25   Input                           TRISTATE                        None                                No                                  Off              ---            ---             Off             Off          ---           ---                ---                ---               
GPIO_OUT[0]      F6    Yes    MSIO67NB7                                   Bank7     LVCMOS25   Output                          TRISTATE                        None                                No                                  ---              ---            ---             ---             ---          SLOW          ---                4                  5                 
GPIO_OUT[1]      L16   Yes    MSIO18PB2/SPI_0_SS1/GPIO_8_A/USB_DATA5_A    Bank2     LVCMOS25   Output                          TRISTATE                        None                                No                                  ---              ---            ---             ---             ---          SLOW          ---                4                  5                 
GPIO_OUT[2]      G6    Yes    MSIO66NB7                                   Bank7     LVCMOS25   Output                          TRISTATE                        None                                No                                  ---              ---            ---             ---             ---          SLOW          ---                4                  5                 
GPIO_OUT[3]      P16   Yes    MSIO7NB2/CAN_TX/GPIO_2_A/USB_DATA0_A        Bank2     LVCMOS25   Output                          TRISTATE                        None                                No                                  ---              ---            ---             ---             ---          SLOW          ---                4                  5                 
GPIO_OUT[4]      F5    Yes    MSIO67PB7                                   Bank7     LVCMOS25   Output                          TRISTATE                        None                                No                                  ---              ---            ---             ---             ---          SLOW          ---                4                  5                 
GPIO_OUT[5]      AB18  Yes    MSIO118PB4                                  Bank4     LVCMOS25   Output                          TRISTATE                        None                                No                                  ---              ---            ---             ---             ---          SLOW          ---                4                  5                 
GPIO_OUT[6]      P1    Yes    MSIOD94PB6                                  Bank6     LVCMOS25   Output                          TRISTATE                        None                                No                                  ---              ---            ---             ---             ---          SLOW          ---                4                  5                 
MMUART_0_RXD     C22   Yes    MSIO27PB1/MMUART_0_RXD/GPIO_28_B/USB_STP_C  Bank1     LVCMOS25   Input                           TRISTATE                        None                                No                                  Off              ---            ---             Off             Off          ---           ---                ---                ---               
MMUART_0_TXD     D21   Yes    MSI26NB1/MMUART_0_TXD/GPIO_27_B/USB_DIR_C   Bank1     LVCMOS25   Output                          TRISTATE                        None                                No                                  ---              ---            ---             ---             ---          SLOW          ---                4                  5                 
MSS_RESET_N_F2M  H1    No     MSIO78PB7/GB2                               Bank7     LVCMOS25   Input                           TRISTATE                        None                                No                                  Off              ---            ---             Off             Off          ---           ---                ---                ---               
