*****************************************************************
Pin Report - Date: Tue Sep 15 19:01:01 2015 Pinchecksum: NOT-AVAILABLE
Product: Designer
Release: v11.5 SP3
Version: 11.5.3.10
Design Name: hello_regs
Family: SmartFusion2
Die: M2S010
Package: 484 FBGA
*****************************************************************

Port            |Pin  |Fixed |Function                                   |Bank     |I/O Std   |Direction                      |I/O state in Flash*Freeze mode |Resistor Pull                      |I/O available in Flash*Freeze mode |Schmitt Trigger |Odt_Static    |Odt Imp (Ohm)  |Low Power Exit |Input Delay |Slew         |Pre-Emphasis      |Output Drive (mA) |Output Load (pF) |
----------------|-----|------|-------------------------------------------|---------|----------|-------------------------------|-------------------------------|-----------------------------------|-----------------------------------|----------------|--------------|---------------|---------------|------------|-------------|------------------|------------------|-----------------|
GPIO_OUT_1[0]    Y19   Yes    MSIO117NB4                                  Bank4     LVCMOS33   Output                          TRISTATE                        None                                No                                  ---              ---            ---             ---             ---          ---           ---                4                  5                 
GPIO_OUT_1[1]    K17   Yes    MSIO19PB2/SPI_0_SS3/GPIO_10_A/USB_DATA7_A   Bank2     LVCMOS33   Output                          TRISTATE                        None                                No                                  ---              ---            ---             ---             ---          ---           ---                4                  5                 
GPIO_OUT_1[2]    AB18  Yes    MSIO118PB4                                  Bank4     LVCMOS33   Output                          TRISTATE                        None                                No                                  ---              ---            ---             ---             ---          ---           ---                4                  5                 
GPIO_OUT_1[3]    R17   Yes    MSIO1PB2/USB_XCLK_B                         Bank2     LVCMOS33   Output                          TRISTATE                        None                                No                                  ---              ---            ---             ---             ---          ---           ---                4                  5                 
GPIO_OUT_1[4]    Y18   Yes    MSIO117PB4                                  Bank4     LVCMOS33   Output                          TRISTATE                        None                                No                                  ---              ---            ---             ---             ---          ---           ---                4                  5                 
GPIO_OUT_1[5]    AB19  Yes    MSIO118NB4                                  Bank4     LVCMOS33   Output                          TRISTATE                        None                                No                                  ---              ---            ---             ---             ---          ---           ---                4                  5                 
GPIO_OUT_1[6]    V19   Yes    MSIO0NB2/USB_DATA7_B                        Bank2     LVCMOS33   Output                          TRISTATE                        None                                No                                  ---              ---            ---             ---             ---          ---           ---                4                  5                 
GPIO_OUT_1[7]    K15   Yes    MSIO18NB2/SPI_0_SS2/GPIO_9_A/USB_DATA6_A    Bank2     LVCMOS33   Output                          TRISTATE                        None                                No                                  ---              ---            ---             ---             ---          ---           ---                4                  5                 
MMUART_0_RXD     C22   Yes    MSIO27PB1/MMUART_0_RXD/GPIO_28_B/USB_STP_C  Bank1     LVCMOS33   Input                           TRISTATE                        None                                No                                  Off              ---            ---             Off             Off          ---           ---                ---                ---               
MMUART_0_TXD     D21   Yes    MSI26NB1/MMUART_0_TXD/GPIO_27_B/USB_DIR_C   Bank1     LVCMOS33   Output                          TRISTATE                        None                                No                                  ---              ---            ---             ---             ---          ---           ---                4                  5                 
MSS_RESET_N_M2F  B1    Yes    MSIO71NB7                                   Bank7     LVCMOS33   Output                          TRISTATE                        None                                No                                  ---              ---            ---             ---             ---          ---           ---                4                  5                 
